Component: ARM Compiler 5.06 update 1 (build 61) Tool: armlink [4d35a8]

==============================================================================

Section Cross References

    startup_stm32f103xe.o(RESET) refers to startup_stm32f103xe.o(STACK) for __initial_sp
    startup_stm32f103xe.o(RESET) refers to startup_stm32f103xe.o(.text) for Reset_Handler
    startup_stm32f103xe.o(RESET) refers to stm32f1xx_it.o(i.NMI_Handler) for NMI_Handler
    startup_stm32f103xe.o(RESET) refers to stm32f1xx_it.o(i.HardFault_Handler) for HardFault_Handler
    startup_stm32f103xe.o(RESET) refers to stm32f1xx_it.o(i.MemManage_Handler) for MemManage_Handler
    startup_stm32f103xe.o(RESET) refers to stm32f1xx_it.o(i.BusFault_Handler) for BusFault_Handler
    startup_stm32f103xe.o(RESET) refers to stm32f1xx_it.o(i.UsageFault_Handler) for UsageFault_Handler
    startup_stm32f103xe.o(RESET) refers to stm32f1xx_it.o(i.SVC_Handler) for SVC_Handler
    startup_stm32f103xe.o(RESET) refers to stm32f1xx_it.o(i.DebugMon_Handler) for DebugMon_Handler
    startup_stm32f103xe.o(RESET) refers to stm32f1xx_it.o(i.PendSV_Handler) for PendSV_Handler
    startup_stm32f103xe.o(RESET) refers to stm32f1xx_it.o(i.SysTick_Handler) for SysTick_Handler
    startup_stm32f103xe.o(RESET) refers to stm32f1xx_it.o(i.TIM3_IRQHandler) for TIM3_IRQHandler
    startup_stm32f103xe.o(RESET) refers to stm32f1xx_it.o(i.USART1_IRQHandler) for USART1_IRQHandler
    startup_stm32f103xe.o(.text) refers to system_stm32f1xx.o(i.SystemInit) for SystemInit
    startup_stm32f103xe.o(.text) refers to entry.o(.ARM.Collect$$$$00000000) for __main
    main.o(i.Climb) refers to pid.o(i.PID_Anglerealize) for PID_Anglerealize
    main.o(i.Climb) refers to fadd.o(.text) for __aeabi_fsub
    main.o(i.Climb) refers to main.o(i.MotorPidSetSpeed) for MotorPidSetSpeed
    main.o(i.Climb) refers to pid.o(.bss) for pidMPU6050PitchMovement
    main.o(i.Climb) refers to mpu6050.o(.data) for Pitch
    main.o(i.Climb) refers to main.o(.data) for .data
    main.o(i.ContinueMoveTo) refers to f2d.o(.text) for __aeabi_f2d
    main.o(i.ContinueMoveTo) refers to main.o(i.OLED_Show) for OLED_Show
    main.o(i.ContinueMoveTo) refers to mpu6050.o(i.Read_DMP) for Read_DMP
    main.o(i.ContinueMoveTo) refers to main.o(i.MoveTo) for MoveTo
    main.o(i.ContinueMoveTo) refers to cdcmple.o(.text) for __aeabi_cdcmpeq
    main.o(i.ContinueMoveTo) refers to main.o(i.stop) for stop
    main.o(i.ContinueMoveTo) refers to main.o(.data) for .data
    main.o(i.HAL_TIM_PeriodElapsedCallback) refers to fflti.o(.text) for __aeabi_i2f
    main.o(i.HAL_TIM_PeriodElapsedCallback) refers to fmul.o(.text) for __aeabi_fmul
    main.o(i.HAL_TIM_PeriodElapsedCallback) refers to fdiv.o(.text) for __aeabi_fdiv
    main.o(i.HAL_TIM_PeriodElapsedCallback) refers to fscalb.o(.text) for __ARM_scalbnf
    main.o(i.HAL_TIM_PeriodElapsedCallback) refers to fadd.o(.text) for __aeabi_fadd
    main.o(i.HAL_TIM_PeriodElapsedCallback) refers to f2d.o(.text) for __aeabi_f2d
    main.o(i.HAL_TIM_PeriodElapsedCallback) refers to dmul.o(.text) for __aeabi_dmul
    main.o(i.HAL_TIM_PeriodElapsedCallback) refers to dscalb.o(.text) for __ARM_scalbn
    main.o(i.HAL_TIM_PeriodElapsedCallback) refers to dadd.o(.text) for __aeabi_dadd
    main.o(i.HAL_TIM_PeriodElapsedCallback) refers to d2f.o(.text) for __aeabi_d2f
    main.o(i.HAL_TIM_PeriodElapsedCallback) refers to main.o(.data) for .data
    main.o(i.HAL_TIM_PeriodElapsedCallback) refers to tim.o(.bss) for htim4
    main.o(i.MotorPidSetSpeed) refers to pid.o(i.PID_realize) for PID_realize
    main.o(i.MotorPidSetSpeed) refers to ffixi.o(.text) for __aeabi_f2iz
    main.o(i.MotorPidSetSpeed) refers to main.o(i.Motor_Control) for Motor_Control
    main.o(i.MotorPidSetSpeed) refers to pid.o(.bss) for pidMotor1Speed
    main.o(i.MotorPidSetSpeed) refers to main.o(.data) for .data
    main.o(i.MotorTurnAngle) refers to pid.o(i.PID_Anglerealize) for PID_Anglerealize
    main.o(i.MotorTurnAngle) refers to pid.o(.bss) for pidMPU6050YawMovement
    main.o(i.MotorTurnAngle) refers to mpu6050.o(.data) for Yaw
    main.o(i.MotorTurnAngle) refers to main.o(.data) for .data
    main.o(i.Motor_Control) refers to main.o(i.XianFu_PWM) for XianFu_PWM
    main.o(i.Motor_Control) refers to main.o(i.Motor_Left) for Motor_Left
    main.o(i.Motor_Control) refers to main.o(i.Motor_Right) for Motor_Right
    main.o(i.Motor_Left) refers to tim.o(.bss) for htim3
    main.o(i.Motor_Right) refers to tim.o(.bss) for htim3
    main.o(i.MovePidLine) refers to pid.o(i.Position_PID) for Position_PID
    main.o(i.MovePidLine) refers to pid.o(.bss) for wheel
    main.o(i.MovePidLine) refers to main.o(.data) for .data
    main.o(i.MoveTo) refers to f2d.o(.text) for __aeabi_f2d
    main.o(i.MoveTo) refers to dadd.o(.text) for __aeabi_dsub
    main.o(i.MoveTo) refers to d2f.o(.text) for __aeabi_d2f
    main.o(i.MoveTo) refers to fmul.o(.text) for __aeabi_fmul
    main.o(i.MoveTo) refers to fadd.o(.text) for __aeabi_fadd
[...]
    i.OLED_ShowChar                          0x08003268   Section        0  bsp_oled.o(i.OLED_ShowChar)
    i.OLED_ShowString                        0x080032f8   Section        0  bsp_oled.o(i.OLED_ShowString)
    i.OLED_WR_Byte                           0x08003338   Section        0  bsp_oled.o(i.OLED_WR_Byte)
    i.PID_init                               0x08003380   Section        0  pid.o(i.PID_init)
    i.PendSV_Handler                         0x0800341c   Section        0  stm32f1xx_it.o(i.PendSV_Handler)
    i.Read_DMP                               0x08003420   Section        0  mpu6050.o(i.Read_DMP)
    i.SVC_Handler                            0x0800351c   Section        0  stm32f1xx_it.o(i.SVC_Handler)
    i.SysTick_Config                         0x08003520   Section        0  bsp_systick.o(i.SysTick_Config)
    SysTick_Config                           0x08003521   Thumb Code    38  bsp_systick.o(i.SysTick_Config)
    i.SysTick_Delay_Ms                       0x0800354c   Section        0  bsp_systick.o(i.SysTick_Delay_Ms)
    i.SysTick_Delay_Us                       0x08003584   Section        0  bsp_systick.o(i.SysTick_Delay_Us)
    i.SysTick_Handler                        0x080035bc   Section        0  stm32f1xx_it.o(i.SysTick_Handler)
    i.SystemClock_Config                     0x080035c0   Section        0  main.o(i.SystemClock_Config)
    i.SystemInit                             0x0800363a   Section        0  system_stm32f1xx.o(i.SystemInit)
    i.TIM3_IRQHandler                        0x0800363c   Section        0  stm32f1xx_it.o(i.TIM3_IRQHandler)
    i.TIM_Base_SetConfig                     0x08003648   Section        0  stm32f1xx_hal_tim.o(i.TIM_Base_SetConfig)
    i.TIM_CCxChannelCmd                      0x080036d4   Section        0  stm32f1xx_hal_tim.o(i.TIM_CCxChannelCmd)
    i.TIM_ETR_SetConfig                      0x080036ee   Section        0  stm32f1xx_hal_tim.o(i.TIM_ETR_SetConfig)
    i.TIM_ITRx_SetConfig                     0x08003702   Section        0  stm32f1xx_hal_tim.o(i.TIM_ITRx_SetConfig)
    TIM_ITRx_SetConfig                       0x08003703   Thumb Code    16  stm32f1xx_hal_tim.o(i.TIM_ITRx_SetConfig)
    i.TIM_OC1_SetConfig                      0x08003714   Section        0  stm32f1xx_hal_tim.o(i.TIM_OC1_SetConfig)
    TIM_OC1_SetConfig                        0x08003715   Thumb Code    88  stm32f1xx_hal_tim.o(i.TIM_OC1_SetConfig)
    i.TIM_OC2_SetConfig                      0x08003774   Section        0  stm32f1xx_hal_tim.o(i.TIM_OC2_SetConfig)
    i.TIM_OC3_SetConfig                      0x080037e0   Section        0  stm32f1xx_hal_tim.o(i.TIM_OC3_SetConfig)
    TIM_OC3_SetConfig                        0x080037e1   Thumb Code    96  stm32f1xx_hal_tim.o(i.TIM_OC3_SetConfig)
    i.TIM_OC4_SetConfig                      0x08003848   Section        0  stm32f1xx_hal_tim.o(i.TIM_OC4_SetConfig)
    TIM_OC4_SetConfig                        0x08003849   Thumb Code    70  stm32f1xx_hal_tim.o(i.TIM_OC4_SetConfig)
    i.TIM_TI1_ConfigInputStage               0x08003898   Section        0  stm32f1xx_hal_tim.o(i.TIM_TI1_ConfigInputStage)
    TIM_TI1_ConfigInputStage                 0x08003899   Thumb Code    34  stm32f1xx_hal_tim.o(i.TIM_TI1_ConfigInputStage)
    i.TIM_TI2_ConfigInputStage               0x080038ba   Section        0  stm32f1xx_hal_tim.o(i.TIM_TI2_ConfigInputStage)
    TIM_TI2_ConfigInputStage                 0x080038bb   Thumb Code    36  stm32f1xx_hal_tim.o(i.TIM_TI2_ConfigInputStage)
    i.UART_DMAAbortOnError                   0x080038de   Section        0  stm32f1xx_hal_uart.o(i.UART_DMAAbortOnError)
    UART_DMAAbortOnError                     0x080038df   Thumb Code    16  stm32f1xx_hal_uart.o(i.UART_DMAAbortOnError)
    i.UART_EndRxTransfer                     0x080038ee   Section        0  stm32f1xx_hal_uart.o(i.UART_EndRxTransfer)
    UART_EndRxTransfer                       0x080038ef   Thumb Code    78  stm32f1xx_hal_uart.o(i.UART_EndRxTransfer)
    i.UART_Receive_IT                        0x0800393c   Section        0  stm32f1xx_hal_uart.o(i.UART_Receive_IT)
    UART_Receive_IT                          0x0800393d   Thumb Code   194  stm32f1xx_hal_uart.o(i.UART_Receive_IT)
    i.UART_SetConfig                         0x08003a00   Section        0  stm32f1xx_hal_uart.o(i.UART_SetConfig)
    UART_SetConfig                           0x08003a01   Thumb Code   178  stm32f1xx_hal_uart.o(i.UART_SetConfig)
    i.UART_WaitOnFlagUntilTimeout            0x08003ab8   Section        0  stm32f1xx_hal_uart.o(i.UART_WaitOnFlagUntilTimeout)
    UART_WaitOnFlagUntilTimeout              0x08003ab9   Thumb Code   120  stm32f1xx_hal_uart.o(i.UART_WaitOnFlagUntilTimeout)
    i.USART1_IRQHandler                      0x08003b30   Section        0  stm32f1xx_it.o(i.USART1_IRQHandler)
    i.UsageFault_Handler                     0x08003b74   Section        0  stm32f1xx_it.o(i.UsageFault_Handler)
    i.__0printf                              0x08003b78   Section        0  printfa.o(i.__0printf)
    i.__0sprintf                             0x08003b98   Section        0  printfa.o(i.__0sprintf)
    i.__ARM_fpclassify                       0x08003bc0   Section        0  fpclassify.o(i.__ARM_fpclassify)
    i.__NVIC_SetPriority                     0x08003be8   Section        0  stm32f1xx_hal_cortex.o(i.__NVIC_SetPriority)
    __NVIC_SetPriority                       0x08003be9   Thumb Code    32  stm32f1xx_hal_cortex.o(i.__NVIC_SetPriority)
    i.__kernel_poly                          0x08003c08   Section        0  poly.o(i.__kernel_poly)
    i.__mathlib_dbl_infnan                   0x08003cb2   Section        0  dunder.o(i.__mathlib_dbl_infnan)
    i.__mathlib_dbl_infnan2                  0x08003cb8   Section        0  dunder.o(i.__mathlib_dbl_infnan2)
    i.__mathlib_dbl_underflow                0x08003cbc   Section        0  dunder.o(i.__mathlib_dbl_underflow)
    i.__scatterload_copy                     0x08003ccc   Section       14  handlers.o(i.__scatterload_copy)
    i.__scatterload_null                     0x08003cda   Section        2  handlers.o(i.__scatterload_null)
    i.__scatterload_zeroinit                 0x08003cdc   Section       14  handlers.o(i.__scatterload_zeroinit)
    i._fp_digits                             0x08003cec   Section        0  printfa.o(i._fp_digits)
    _fp_digits                               0x08003ced   Thumb Code   334  printfa.o(i._fp_digits)
    i._printf_core                           0x08003e50   Section        0  printfa.o(i._printf_core)
    _printf_core                             0x08003e51   Thumb Code  1744  printfa.o(i._printf_core)
    i._printf_post_padding                   0x0800452c   Section        0  printfa.o(i._printf_post_padding)
    _printf_post_padding                     0x0800452d   Thumb Code    36  printfa.o(i._printf_post_padding)
    i._printf_pre_padding                    0x08004550   Section        0  printfa.o(i._printf_pre_padding)
    _printf_pre_padding                      0x08004551   Thumb Code    46  printfa.o(i._printf_pre_padding)
    i._sputc                                 0x0800457e   Section        0  printfa.o(i._sputc)
    _sputc                                   0x0800457f   Thumb Code    10  printfa.o(i._sputc)
    i.accel_self_test                        0x08004588   Section        0  inv_mpu.o(i.accel_self_test)
    accel_self_test                          0x08004589   Thumb Code   114  inv_mpu.o(i.accel_self_test)
    i.adcGetBatteryVoltage                   0x08004608   Section        0  adc.o(i.adcGetBatteryVoltage)
    i.atan                                   0x08004658   Section        0  atan.o(i.atan)
    i.atan2                                  0x08004878   Section        0  atan2.o(i.atan2)
    i.dmp_enable_6x_lp_quat                  0x080049f8   Section        0  inv_mpu_dmp_motion_driver.o(i.dmp_enable_6x_lp_quat)
    i.dmp_enable_feature                     0x08004a34   Section        0  inv_mpu_dmp_motion_driver.o(i.dmp_enable_feature)
    i.dmp_enable_gyro_cal                    0x08004c0c   Section        0  inv_mpu_dmp_motion_driver.o(i.dmp_enable_gyro_cal)
    i.dmp_enable_lp_quat                     0x08004c48   Section        0  inv_mpu_dmp_motion_driver.o(i.dmp_enable_lp_quat)
    i.dmp_load_motion_driver_firmware        0x08004c84   Section        0  inv_mpu_dmp_motion_driver.o(i.dmp_load_motion_driver_firmware)
    i.dmp_read_fifo                          0x08004c98   Section        0  inv_mpu_dmp_motion_driver.o(i.dmp_read_fifo)
    i.dmp_set_accel_bias                     0x08004ddc   Section        0  inv_mpu_dmp_motion_driver.o(i.dmp_set_accel_bias)
    i.dmp_set_fifo_rate                      0x08004eb4   Section        0  inv_mpu_dmp_motion_driver.o(i.dmp_set_fifo_rate)
    i.dmp_set_gyro_bias                      0x08004f18   Section        0  inv_mpu_dmp_motion_driver.o(i.dmp_set_gyro_bias)
    i.dmp_set_orientation                    0x08004fe4   Section        0  inv_mpu_dmp_motion_driver.o(i.dmp_set_orientation)
    i.dmp_set_shake_reject_thresh            0x080050f0   Section        0  inv_mpu_dmp_motion_driver.o(i.dmp_set_shake_reject_thresh)
    i.dmp_set_shake_reject_time              0x08005120   Section        0  inv_mpu_dmp_motion_driver.o(i.dmp_set_shake_reject_time)
    i.dmp_set_shake_reject_timeout           0x08005140   Section        0  inv_mpu_dmp_motion_driver.o(i.dmp_set_shake_reject_timeout)
    i.dmp_set_tap_axes                       0x08005160   Section        0  inv_mpu_dmp_motion_driver.o(i.dmp_set_tap_axes)
    i.dmp_set_tap_count                      0x080051a0   Section        0  inv_mpu_dmp_motion_driver.o(i.dmp_set_tap_count)
    i.dmp_set_tap_thresh                     0x080051c4   Section        0  inv_mpu_dmp_motion_driver.o(i.dmp_set_tap_thresh)
    i.dmp_set_tap_time                       0x080052ec   Section        0  inv_mpu_dmp_motion_driver.o(i.dmp_set_tap_time)
    i.dmp_set_tap_time_multi                 0x0800530c   Section        0  inv_mpu_dmp_motion_driver.o(i.dmp_set_tap_time_multi)
    i.fputc                                  0x0800532c   Section        0  fputc.o(i.fputc)
    i.get_accel_prod_shift                   0x08005340   Section        0  inv_mpu.o(i.get_accel_prod_shift)
    get_accel_prod_shift                     0x08005341   Thumb Code   158  inv_mpu.o(i.get_accel_prod_shift)
    i.get_st_biases                          0x080053ec   Section        0  inv_mpu.o(i.get_st_biases)
    get_st_biases                            0x080053ed   Thumb Code   784  inv_mpu.o(i.get_st_biases)
    i.gyro_self_test                         0x08005700   Section        0  inv_mpu.o(i.gyro_self_test)
    gyro_self_test                           0x08005701   Thumb Code   190  inv_mpu.o(i.gyro_self_test)
    i.i2cRead                                0x080057d4   Section        0  ioi2c.o(i.i2cRead)
    i.i2cWrite                               0x08005844   Section        0  ioi2c.o(i.i2cWrite)
    i.inv_row_2_scale                        0x08005898   Section        0  mpu6050.o(i.inv_row_2_scale)
    inv_row_2_scale                          0x08005899   Thumb Code    72  mpu6050.o(i.inv_row_2_scale)
    i.main                                   0x080058e0   Section        0  main.o(i.main)
    i.mpu_configure_fifo                     0x080059c0   Section        0  inv_mpu.o(i.mpu_configure_fifo)
    i.mpu_get_accel_fsr                      0x08005a14   Section        0  inv_mpu.o(i.mpu_get_accel_fsr)
    i.mpu_get_accel_sens                     0x08005a50   Section        0  inv_mpu.o(i.mpu_get_accel_sens)
    i.mpu_get_gyro_fsr                       0x08005a94   Section        0  inv_mpu.o(i.mpu_get_gyro_fsr)
    i.mpu_get_gyro_sens                      0x08005ac8   Section        0  inv_mpu.o(i.mpu_get_gyro_sens)
    i.mpu_get_lpf                            0x08005b08   Section        0  inv_mpu.o(i.mpu_get_lpf)
    i.mpu_get_sample_rate                    0x08005b40   Section        0  inv_mpu.o(i.mpu_get_sample_rate)
    i.mpu_init                               0x08005b5c   Section        0  inv_mpu.o(i.mpu_init)
    i.mpu_load_firmware                      0x08005ce4   Section        0  inv_mpu.o(i.mpu_load_firmware)
    i.mpu_lp_accel_mode                      0x08005d84   Section        0  inv_mpu.o(i.mpu_lp_accel_mode)
    i.mpu_read_fifo_stream                   0x08005e3c   Section        0  inv_mpu.o(i.mpu_read_fifo_stream)
    i.mpu_read_mem                           0x08005ecc   Section        0  inv_mpu.o(i.mpu_read_mem)
    i.mpu_reset_fifo                         0x08005f20   Section        0  inv_mpu.o(i.mpu_reset_fifo)
    i.mpu_run_self_test                      0x08006070   Section        0  inv_mpu.o(i.mpu_run_self_test)
    i.mpu_set_accel_fsr                      0x08006160   Section        0  inv_mpu.o(i.mpu_set_accel_fsr)
    i.mpu_set_bypass                         0x080061c8   Section        0  inv_mpu.o(i.mpu_set_bypass)
    i.mpu_set_dmp_state                      0x080062a4   Section        0  inv_mpu.o(i.mpu_set_dmp_state)
    i.mpu_set_gyro_fsr                       0x0800631c   Section        0  inv_mpu.o(i.mpu_set_gyro_fsr)
    i.mpu_set_int_latched                    0x08006388   Section        0  inv_mpu.o(i.mpu_set_int_latched)
    i.mpu_set_lpf                            0x080063ec   Section        0  inv_mpu.o(i.mpu_set_lpf)
    i.mpu_set_sample_rate                    0x08006458   Section        0  inv_mpu.o(i.mpu_set_sample_rate)
    i.mpu_set_sensors                        0x080064d8   Section        0  inv_mpu.o(i.mpu_set_sensors)
    i.mpu_write_mem                          0x08006590   Section        0  inv_mpu.o(i.mpu_write_mem)
    i.myget_ms                               0x080065e4   Section        0  inv_mpu.o(i.myget_ms)
    i.run_self_test                          0x080065e6   Section        0  mpu6050.o(i.run_self_test)
    run_self_test                            0x080065e7   Thumb Code   122  mpu6050.o(i.run_self_test)
    i.set_int_enable                         0x08006660   Section        0  inv_mpu.o(i.set_int_enable)
    set_int_enable                           0x08006661   Thumb Code    84  inv_mpu.o(i.set_int_enable)
    .constdata                               0x080066b8   Section     2660  bsp_oled.o(.constdata)
    oled_asc2_1206                           0x080066b8   Data        1140  bsp_oled.o(.constdata)
    oled_asc2_1608                           0x08006b2c   Data        1520  bsp_oled.o(.constdata)
    .constdata                               0x0800711c   Section       12  inv_mpu.o(.constdata)
    .constdata                               0x08007128   Section       27  inv_mpu.o(.constdata)
    .constdata                               0x08007144   Section       40  inv_mpu.o(.constdata)
    .constdata                               0x0800716c   Section     3062  inv_mpu_dmp_motion_driver.o(.constdata)
    dmp_memory                               0x0800716c   Data        3062  inv_mpu_dmp_motion_driver.o(.constdata)
    .constdata                               0x08007d62   Section       18  stm32f1xx_hal_rcc.o(.constdata)
    aPredivFactorTable                       0x08007d62   Data           2  stm32f1xx_hal_rcc.o(.constdata)
    aPLLMULFactorTable                       0x08007d64   Data          16  stm32f1xx_hal_rcc.o(.constdata)
    .constdata                               0x08007d74   Section       18  stm32f1xx_hal_rcc_ex.o(.constdata)
    aPredivFactorTable                       0x08007d74   Data           2  stm32f1xx_hal_rcc_ex.o(.constdata)
    aPLLMULFactorTable                       0x08007d76   Data          16  stm32f1xx_hal_rcc_ex.o(.constdata)
    .constdata                               0x08007d86   Section       16  system_stm32f1xx.o(.constdata)
    .constdata                               0x08007d96   Section        8  system_stm32f1xx.o(.constdata)
    .constdata                               0x08007da0   Section      152  atan.o(.constdata)
    atanhi                                   0x08007da0   Data          32  atan.o(.constdata)
    atanlo                                   0x08007dc0   Data          32  atan.o(.constdata)
    aTodd                                    0x08007de0   Data          40  atan.o(.constdata)
    aTeven                                   0x08007e08   Data          48  atan.o(.constdata)
    .constdata                               0x08007e38   Section        8  qnan.o(.constdata)
    .conststring                             0x08007e40   Section       78  inv_mpu.o(.conststring)
    .data                                    0x20000000   Section       56  main.o(.data)
    .data                                    0x20000038   Section        1  stm32f1xx_it.o(.data)
    .data                                    0x2000003c   Section       44  inv_mpu.o(.data)
    st                                       0x2000003c   Data          44  inv_mpu.o(.data)
    .data                                    0x20000068   Section       45  mpu6050.o(.data)
    gyro_orientation                         0x2000008c   Data           9  mpu6050.o(.data)
    .data                                    0x20000098   Section       12  stm32f1xx_hal.o(.data)
    .data                                    0x200000a4   Section        4  system_stm32f1xx.o(.data)
    .data                                    0x200000a8   Section        4  stdout.o(.data)
    .bss                                     0x200000ac   Section       30  main.o(.bss)
    .bss                                     0x200000cc   Section       48  adc.o(.bss)
    .bss                                     0x200000fc   Section      216  tim.o(.bss)
    .bss                                     0x200001d4   Section       72  usart.o(.bss)
    .bss                                     0x2000021c   Section      256  stm32f1xx_it.o(.bss)
    .bss                                     0x2000031c   Section     1024  bsp_oled.o(.bss)
    .bss                                     0x2000071c   Section      176  pid.o(.bss)
    .bss                                     0x200007cc   Section       16  inv_mpu_dmp_motion_driver.o(.bss)
    dmp                                      0x200007cc   Data          16  inv_mpu_dmp_motion_driver.o(.bss)
    STACK                                    0x200007e0   Section     2048  startup_stm32f103xe.o(STACK)

    Global Symbols

    Symbol Name                              Value     Ov Type        Size  Object(Section)

    BuildAttributes$$THM_ISAv4$P$D$K$B$S$PE$A:L22UL41UL21$X:L11$S22US41US21$IEEE1$IW$USESV6$~STKCKD$USESV7$~SHL$OTIME$ROPI$IEEEX$EBA8$MICROLIB$REQ8$PRES8$EABIv2 0x00000000   Number         0  anon$$obj.o ABSOLUTE
    __ARM_use_no_argv                        0x00000000   Number         0  main.o ABSOLUTE
    _printf_a                                0x00000000   Number         0  stubs.o ABSOLUTE
    _printf_c                                0x00000000   Number         0  stubs.o ABSOLUTE
    _printf_charcount                        0x00000000   Number         0  stubs.o ABSOLUTE
    _printf_d                                0x00000000   Number         0  stubs.o ABSOLUTE
    _printf_e                                0x00000000   Number         0  stubs.o ABSOLUTE
    _printf_f                                0x00000000   Number         0  stubs.o ABSOLUTE
    _printf_flags                            0x00000000   Number         0  stubs.o ABSOLUTE
    _printf_fp_dec                           0x00000000   Number         0  stubs.o ABSOLUTE
    _printf_fp_hex                           0x00000000   Number         0  stubs.o ABSOLUTE
    _printf_g                                0x00000000   Number         0  stubs.o ABSOLUTE
    _printf_i                                0x00000000   Number         0  stubs.o ABSOLUTE
    _printf_int_dec                          0x00000000   Number         0  stubs.o ABSOLUTE
    _printf_l                                0x00000000   Number         0  stubs.o ABSOLUTE
    _printf_lc                               0x00000000   Number         0  stubs.o ABSOLUTE
    _printf_ll                               0x00000000   Number         0  stubs.o ABSOLUTE
    _printf_lld                              0x00000000   Number         0  stubs.o ABSOLUTE
    _printf_lli                              0x00000000   Number         0  stubs.o ABSOLUTE
    _printf_llo                              0x00000000   Number         0  stubs.o ABSOLUTE
    _printf_llu                              0x00000000   Number         0  stubs.o ABSOLUTE
    _printf_llx                              0x00000000   Number         0  stubs.o ABSOLUTE
    _printf_longlong_dec                     0x00000000   Number         0  stubs.o ABSOLUTE
    _printf_longlong_hex                     0x00000000   Number         0  stubs.o ABSOLUTE
    _printf_longlong_oct                     0x00000000   Number         0  stubs.o ABSOLUTE
    _printf_ls                               0x00000000   Number         0  stubs.o ABSOLUTE
    _printf_mbtowc                           0x00000000   Number         0  stubs.o ABSOLUTE
    _printf_n                                0x00000000   Number         0  stubs.o ABSOLUTE
    _printf_o                                0x00000000   Number         0  stubs.o ABSOLUTE
    _printf_p                                0x00000000   Number         0  stubs.o ABSOLUTE
    _printf_percent                          0x00000000   Number         0  stubs.o ABSOLUTE
    _printf_pre_padding                      0x00000000   Number         0  stubs.o ABSOLUTE
    _printf_return_value                     0x00000000   Number         0  stubs.o ABSOLUTE
    _printf_s                                0x00000000   Number         0  stubs.o ABSOLUTE
    _printf_sizespec                         0x00000000   Number         0  stubs.o ABSOLUTE
    _printf_str                              0x00000000   Number         0  stubs.o ABSOLUTE
    _printf_truncate_signed                  0x00000000   Number         0  stubs.o ABSOLUTE
    _printf_truncate_unsigned                0x00000000   Number         0  stubs.o ABSOLUTE
    _printf_u                                0x00000000   Number         0  stubs.o ABSOLUTE
    _printf_wc                               0x00000000   Number         0  stubs.o ABSOLUTE
    _printf_wctomb                           0x00000000   Number         0  stubs.o ABSOLUTE
    _printf_widthprec                        0x00000000   Number         0  stubs.o ABSOLUTE
    _printf_x                                0x00000000   Number         0  stubs.o ABSOLUTE
    __cpp_initialize__aeabi_                  - Undefined Weak Reference
    __cxa_finalize                            - Undefined Weak Reference
    __decompress                              - Undefined Weak Reference
    _clock_init                               - Undefined Weak Reference
    _microlib_exit                            - Undefined Weak Reference
    _scanf_int                                - Undefined Weak Reference
    _scanf_longlong                           - Undefined Weak Reference
    _scanf_string                             - Undefined Weak Reference
    __Vectors_Size                           0x00000130   Number         0  startup_stm32f103xe.o ABSOLUTE
    __Vectors                                0x08000000   Data           4  startup_stm32f103xe.o(RESET)
    __Vectors_End                            0x08000130   Data           0  startup_stm32f103xe.o(RESET)
    __main                                   0x08000131   Thumb Code     0  entry.o(.ARM.Collect$$$$00000000)
    _main_stk                                0x08000131   Thumb Code     0  entry2.o(.ARM.Collect$$$$00000001)
    _main_scatterload                        0x08000135   Thumb Code     0  entry5.o(.ARM.Collect$$$$00000004)
    __main_after_scatterload                 0x08000139   Thumb Code     0  entry5.o(.ARM.Collect$$$$00000004)
    _main_clock                              0x08000139   Thumb Code     0  entry7b.o(.ARM.Collect$$$$00000008)
    _main_cpp_init                           0x08000139   Thumb Code     0  entry8b.o(.ARM.Collect$$$$0000000A)
    _main_init                               0x08000139   Thumb Code     0  entry9a.o(.ARM.Collect$$$$0000000B)
    __rt_final_cpp                           0x08000141   Thumb Code     0  entry10a.o(.ARM.Collect$$$$0000000D)
    __rt_final_exit                          0x08000141   Thumb Code     0  entry11a.o(.ARM.Collect$$$$0000000F)
    Reset_Handler                            0x08000145   Thumb Code     8  startup_stm32f103xe.o(.text)
    ADC1_2_IRQHandler                        0x0800015f   Thumb Code     0  startup_stm32f103xe.o(.text)
    ADC3_IRQHandler                          0x0800015f   Thumb Code     0  startup_stm32f103xe.o(.text)
    CAN1_RX1_IRQHandler                      0x0800015f   Thumb Code     0  startup_stm32f103xe.o(.text)
    CAN1_SCE_IRQHandler                      0x0800015f   Thumb Code     0  startup_stm32f103xe.o(.text)
    DMA1_Channel1_IRQHandler                 0x0800015f   Thumb Code     0  startup_stm32f103xe.o(.text)
    DMA1_Channel2_IRQHandler                 0x0800015f   Thumb Code     0  startup_stm32f103xe.o(.text)
    DMA1_Channel3_IRQHandler                 0x0800015f   Thumb Code     0  startup_stm32f103xe.o(.text)
    DMA1_Channel4_IRQHandler                 0x0800015f   Thumb Code     0  startup_stm32f103xe.o(.text)
    DMA1_Channel5_IRQHandler                 0x0800015f   Thumb Code     0  startup_stm32f103xe.o(.text)
    DMA1_Channel6_IRQHandler                 0x0800015f   Thumb Code     0  startup_stm32f103xe.o(.text)
    DMA1_Channel7_IRQHandler                 0x0800015f   Thumb Code     0  startup_stm32f103xe.o(.text)
    DMA2_Channel1_IRQHandler                 0x0800015f   Thumb Code     0  startup_stm32f103xe.o(.text)
    DMA2_Channel2_IRQHandler                 0x0800015f   Thumb Code     0  startup_stm32f103xe.o(.text)
    DMA2_Channel3_IRQHandler                 0x0800015f   Thumb Code     0  startup_stm32f103xe.o(.text)
    DMA2_Channel4_5_IRQHandler               0x0800015f   Thumb Code     0  startup_stm32f103xe.o(.text)
    EXTI0_IRQHandler                         0x0800015f   Thumb Code     0  startup_stm32f103xe.o(.text)
    EXTI15_10_IRQHandler                     0x0800015f   Thumb Code     0  startup_stm32f103xe.o(.text)
    EXTI1_IRQHandler                         0x0800015f   Thumb Code     0  startup_stm32f103xe.o(.text)
    EXTI2_IRQHandler                         0x0800015f   Thumb Code     0  startup_stm32f103xe.o(.text)
    EXTI3_IRQHandler                         0x0800015f   Thumb Code     0  startup_stm32f103xe.o(.text)
    EXTI4_IRQHandler                         0x0800015f   Thumb Code     0  startup_stm32f103xe.o(.text)
    EXTI9_5_IRQHandler                       0x0800015f   Thumb Code     0  startup_stm32f103xe.o(.text)
    FLASH_IRQHandler                         0x0800015f   Thumb Code     0  startup_stm32f103xe.o(.text)
    FSMC_IRQHandler                          0x0800015f   Thumb Code     0  startup_stm32f103xe.o(.text)
    I2C1_ER_IRQHandler                       0x0800015f   Thumb Code     0  startup_stm32f103xe.o(.text)
    I2C1_EV_IRQHandler                       0x0800015f   Thumb Code     0  startup_stm32f103xe.o(.text)
    I2C2_ER_IRQHandler                       0x0800015f   Thumb Code     0  startup_stm32f103xe.o(.text)
    I2C2_EV_IRQHandler                       0x0800015f   Thumb Code     0  startup_stm32f103xe.o(.text)
    PVD_IRQHandler                           0x0800015f   Thumb Code     0  startup_stm32f103xe.o(.text)
    RCC_IRQHandler                           0x0800015f   Thumb Code     0  startup_stm32f103xe.o(.text)
    RTC_Alarm_IRQHandler                     0x0800015f   Thumb Code     0  startup_stm32f103xe.o(.text)
    RTC_IRQHandler                           0x0800015f   Thumb Code     0  startup_stm32f103xe.o(.text)
    SDIO_IRQHandler                          0x0800015f   Thumb Code     0  startup_stm32f103xe.o(.text)
    SPI1_IRQHandler                          0x0800015f   Thumb Code     0  startup_stm32f103xe.o(.text)
    SPI2_IRQHandler                          0x0800015f   Thumb Code     0  startup_stm32f103xe.o(.text)
    SPI3_IRQHandler                          0x0800015f   Thumb Code     0  startup_stm32f103xe.o(.text)
    TAMPER_IRQHandler                        0x0800015f   Thumb Code     0  startup_stm32f103xe.o(.text)
    TIM1_BRK_IRQHandler                      0x0800015f   Thumb Code     0  startup_stm32f103xe.o(.text)
    TIM1_CC_IRQHandler                       0x0800015f   Thumb Code     0  startup_stm32f103xe.o(.text)
    TIM1_TRG_COM_IRQHandler                  0x0800015f   Thumb Code     0  startup_stm32f103xe.o(.text)
    TIM1_UP_IRQHandler                       0x0800015f   Thumb Code     0  startup_stm32f103xe.o(.text)
    TIM2_IRQHandler                          0x0800015f   Thumb Code     0  startup_stm32f103xe.o(.text)
    TIM4_IRQHandler                          0x0800015f   Thumb Code     0  startup_stm32f103xe.o(.text)
    TIM5_IRQHandler                          0x0800015f   Thumb Code     0  startup_stm32f103xe.o(.text)
    TIM6_IRQHandler                          0x0800015f   Thumb Code     0  startup_stm32f103xe.o(.text)
    TIM7_IRQHandler                          0x0800015f   Thumb Code     0  startup_stm32f103xe.o(.text)
    TIM8_BRK_IRQHandler                      0x0800015f   Thumb Code     0  startup_stm32f103xe.o(.text)
    TIM8_CC_IRQHandler                       0x0800015f   Thumb Code     0  startup_stm32f103xe.o(.text)
    TIM8_TRG_COM_IRQHandler                  0x0800015f   Thumb Code     0  startup_stm32f103xe.o(.text)
    TIM8_UP_IRQHandler                       0x0800015f   Thumb Code     0  startup_stm32f103xe.o(.text)
    UART4_IRQHandler                         0x0800015f   Thumb Code     0  startup_stm32f103xe.o(.text)
    UART5_IRQHandler                         0x0800015f   Thumb Code     0  startup_stm32f103xe.o(.text)
    USART2_IRQHandler                        0x0800015f   Thumb Code     0  startup_stm32f103xe.o(.text)
    USART3_IRQHandler                        0x0800015f   Thumb Code     0  startup_stm32f103xe.o(.text)
    USBWakeUp_IRQHandler                     0x0800015f   Thumb Code     0  startup_stm32f103xe.o(.text)
    USB_HP_CAN1_TX_IRQHandler                0x0800015f   Thumb Code     0  startup_stm32f103xe.o(.text)
    USB_LP_CAN1_RX0_IRQHandler               0x0800015f   Thumb Code     0  startup_stm32f103xe.o(.text)
    WWDG_IRQHandler                          0x0800015f   Thumb Code     0  startup_stm32f103xe.o(.text)
    __aeabi_ldivmod                          0x08000169   Thumb Code    98  ldiv.o(.text)
    __aeabi_llsr                             0x080001cb   Thumb Code    32  llushr.o(.text)
    _ll_ushift_r                             0x080001cb   Thumb Code     0  llushr.o(.text)
    __aeabi_memset                           0x080001eb   Thumb Code    14  memseta.o(.text)
    __aeabi_memset4                          0x080001eb   Thumb Code     0  memseta.o(.text)
    __aeabi_memset8                          0x080001eb   Thumb Code     0  memseta.o(.text)
    __aeabi_memclr                           0x080001f9   Thumb Code     4  memseta.o(.text)
    __aeabi_memclr4                          0x080001f9   Thumb Code     0  memseta.o(.text)
    __aeabi_memclr8                          0x080001f9   Thumb Code     0  memseta.o(.text)
    _memset$wrapper                          0x080001fd   Thumb Code    18  memseta.o(.text)
    memcmp                                   0x0800020f   Thumb Code    26  memcmp.o(.text)
    __aeabi_fadd                             0x08000229   Thumb Code   164  fadd.o(.text)
    __aeabi_fsub                             0x080002cd   Thumb Code     6  fadd.o(.text)
    __aeabi_frsub                            0x080002d3   Thumb Code     6  fadd.o(.text)
    __aeabi_fmul                             0x080002d9   Thumb Code   100  fmul.o(.text)
    __aeabi_fdiv                             0x0800033d   Thumb Code   124  fdiv.o(.text)
    __ARM_scalbnf                            0x080003b9   Thumb Code    24  fscalb.o(.text)
    scalbnf                                  0x080003b9   Thumb Code     0  fscalb.o(.text)
    __aeabi_dadd                             0x080003d1   Thumb Code   322  dadd.o(.text)
    __aeabi_dsub                             0x08000513   Thumb Code     6  dadd.o(.text)
    __aeabi_drsub                            0x08000519   Thumb Code     6  dadd.o(.text)
    __aeabi_dmul                             0x0800051f   Thumb Code   228  dmul.o(.text)
    __aeabi_ddiv                             0x08000603   Thumb Code   222  ddiv.o(.text)
    __ARM_scalbn                             0x080006e1   Thumb Code    46  dscalb.o(.text)
    scalbn                                   0x080006e1   Thumb Code     0  dscalb.o(.text)
    __aeabi_i2f                              0x0800070f   Thumb Code    18  fflti.o(.text)
    __aeabi_ui2f                             0x08000721   Thumb Code    10  ffltui.o(.text)
    __aeabi_f2iz                             0x0800072b   Thumb Code    50  ffixi.o(.text)
    __aeabi_f2uiz                            0x0800075d   Thumb Code    40  ffixui.o(.text)
    __aeabi_f2d                              0x08000785   Thumb Code    38  f2d.o(.text)
    __aeabi_cdrcmple                         0x080007ad   Thumb Code    48  cdrcmple.o(.text)
    __aeabi_d2f                              0x080007dd   Thumb Code    56  d2f.o(.text)
    __aeabi_uidiv                            0x08000815   Thumb Code     0  uidiv.o(.text)
    __aeabi_uidivmod                         0x08000815   Thumb Code    44  uidiv.o(.text)
    __aeabi_uldivmod                         0x08000841   Thumb Code    98  uldiv.o(.text)
    __aeabi_llsl                             0x080008a3   Thumb Code    30  llshl.o(.text)
    _ll_shift_l                              0x080008a3   Thumb Code     0  llshl.o(.text)
    __aeabi_lasr                             0x080008c1   Thumb Code    36  llsshr.o(.text)
    _ll_sshift_r                             0x080008c1   Thumb Code     0  llsshr.o(.text)
    __I$use$fp                               0x080008e5   Thumb Code     0  iusefp.o(.text)
    _float_round                             0x080008e5   Thumb Code    18  fepilogue.o(.text)
    _float_epilogue                          0x080008f7   Thumb Code    92  fepilogue.o(.text)
    _double_round                            0x08000953   Thumb Code    30  depilogue.o(.text)
    _double_epilogue                         0x08000971   Thumb Code   156  depilogue.o(.text)
    __aeabi_d2ulz                            0x08000a0d   Thumb Code    48  dfixul.o(.text)
    __scatterload                            0x08000a3d   Thumb Code    28  init.o(.text)
    __scatterload_rt2                        0x08000a3d   Thumb Code     0  init.o(.text)
    ADC_ConversionStop_Disable               0x08000a61   Thumb Code    86  stm32f1xx_hal_adc.o(i.ADC_ConversionStop_Disable)
    __I$use$semihosting$fputc                0x08000a61   Thumb Code     0  iusesemip.o(.text)
    __semihosting_library_function           0x08000a61   Thumb Code     0  semi.o(.text)
    ADC_Enable                               0x08000ab9   Thumb Code   114  stm32f1xx_hal_adc.o(i.ADC_Enable)
    BusFault_Handler                         0x08000b35   Thumb Code     2  stm32f1xx_it.o(i.BusFault_Handler)
    DMP_Init                                 0x08000b39   Thumb Code   144  mpu6050.o(i.DMP_Init)
    DebugMon_Handler                         0x08000bd5   Thumb Code     2  stm32f1xx_it.o(i.DebugMon_Handler)
    Error_Handler                            0x08000bd7   Thumb Code     4  main.o(i.Error_Handler)
    HAL_ADC_ConfigChannel                    0x08000bdd   Thumb Code   240  stm32f1xx_hal_adc.o(i.HAL_ADC_ConfigChannel)
    HAL_ADC_GetValue                         0x08000cd9   Thumb Code     6  stm32f1xx_hal_adc.o(i.HAL_ADC_GetValue)
    HAL_ADC_Init                             0x08000ce1   Thumb Code   276  stm32f1xx_hal_adc.o(i.HAL_ADC_Init)
    HAL_ADC_MspInit                          0x08000e05   Thumb Code    76  adc.o(i.HAL_ADC_MspInit)
    HAL_ADC_PollForConversion                0x08000e5d   Thumb Code   304  stm32f1xx_hal_adc.o(i.HAL_ADC_PollForConversion)
    HAL_ADC_Start                            0x08000f99   Thumb Code   184  stm32f1xx_hal_adc.o(i.HAL_ADC_Start)
    HAL_DMA_Abort                            0x08001059   Thumb Code    70  stm32f1xx_hal_dma.o(i.HAL_DMA_Abort)
    HAL_DMA_Abort_IT                         0x080010a1   Thumb Code   296  stm32f1xx_hal_dma.o(i.HAL_DMA_Abort_IT)
    HAL_Delay                                0x080011d1   Thumb Code    32  stm32f1xx_hal.o(i.HAL_Delay)
    HAL_GPIO_Init                            0x080011f5   Thumb Code   462  stm32f1xx_hal_gpio.o(i.HAL_GPIO_Init)
    HAL_GPIO_WritePin                        0x080013ed   Thumb Code    10  stm32f1xx_hal_gpio.o(i.HAL_GPIO_WritePin)
    HAL_GetTick                              0x080013f9   Thumb Code     6  stm32f1xx_hal.o(i.HAL_GetTick)
    HAL_IncTick                              0x08001405   Thumb Code    12  stm32f1xx_hal.o(i.HAL_IncTick)
    HAL_Init                                 0x08001415   Thumb Code    32  stm32f1xx_hal.o(i.HAL_Init)
    HAL_InitTick                             0x08001439   Thumb Code    54  stm32f1xx_hal.o(i.HAL_InitTick)
    HAL_MspInit                              0x08001479   Thumb Code    52  stm32f1xx_hal_msp.o(i.HAL_MspInit)
    HAL_NVIC_EnableIRQ                       0x080014b5   Thumb Code    26  stm32f1xx_hal_cortex.o(i.HAL_NVIC_EnableIRQ)
    HAL_NVIC_SetPriority                     0x080014d1   Thumb Code    60  stm32f1xx_hal_cortex.o(i.HAL_NVIC_SetPriority)
    HAL_NVIC_SetPriorityGrouping             0x08001511   Thumb Code    26  stm32f1xx_hal_cortex.o(i.HAL_NVIC_SetPriorityGrouping)
    HAL_RCCEx_GetPeriphCLKFreq               0x08001535   Thumb Code   166  stm32f1xx_hal_rcc_ex.o(i.HAL_RCCEx_GetPeriphCLKFreq)
    HAL_RCCEx_PeriphCLKConfig                0x080015ed   Thumb Code   224  stm32f1xx_hal_rcc_ex.o(i.HAL_RCCEx_PeriphCLKConfig)
    HAL_RCC_ClockConfig                      0x080016d9   Thumb Code   280  stm32f1xx_hal_rcc.o(i.HAL_RCC_ClockConfig)
    HAL_RCC_GetPCLK1Freq                     0x08001805   Thumb Code    20  stm32f1xx_hal_rcc.o(i.HAL_RCC_GetPCLK1Freq)
    HAL_RCC_GetPCLK2Freq                     0x08001825   Thumb Code    20  stm32f1xx_hal_rcc.o(i.HAL_RCC_GetPCLK2Freq)
    HAL_RCC_GetSysClockFreq                  0x08001845   Thumb Code    58  stm32f1xx_hal_rcc.o(i.HAL_RCC_GetSysClockFreq)
    HAL_RCC_OscConfig                        0x08001891   Thumb Code   778  stm32f1xx_hal_rcc.o(i.HAL_RCC_OscConfig)
    HAL_SYSTICK_Config                       0x08001bb1   Thumb Code    40  stm32f1xx_hal_cortex.o(i.HAL_SYSTICK_Config)
    HAL_TIMEx_BreakCallback                  0x08001bd9   Thumb Code     2  stm32f1xx_hal_tim_ex.o(i.HAL_TIMEx_BreakCallback)
    HAL_TIMEx_CommutCallback                 0x08001bdb   Thumb Code     2  stm32f1xx_hal_tim_ex.o(i.HAL_TIMEx_CommutCallback)
    HAL_TIMEx_MasterConfigSynchronization    0x08001bdd   Thumb Code   104  stm32f1xx_hal_tim_ex.o(i.HAL_TIMEx_MasterConfigSynchronization)
    HAL_TIM_Base_Init                        0x08001c59   Thumb Code    90  stm32f1xx_hal_tim.o(i.HAL_TIM_Base_Init)
    HAL_TIM_Base_MspInit                     0x08001cb5   Thumb Code    50  tim.o(i.HAL_TIM_Base_MspInit)
    HAL_TIM_Base_Start_IT                    0x08001cf1   Thumb Code    88  stm32f1xx_hal_tim.o(i.HAL_TIM_Base_Start_IT)
    HAL_TIM_ConfigClockSource                0x08001d5d   Thumb Code   220  stm32f1xx_hal_tim.o(i.HAL_TIM_ConfigClockSource)
    HAL_TIM_Encoder_Init                     0x08001e39   Thumb Code   164  stm32f1xx_hal_tim.o(i.HAL_TIM_Encoder_Init)
    HAL_TIM_Encoder_MspInit                  0x08001edd   Thumb Code   124  tim.o(i.HAL_TIM_Encoder_MspInit)
    HAL_TIM_Encoder_Start                    0x08001f6d   Thumb Code   142  stm32f1xx_hal_tim.o(i.HAL_TIM_Encoder_Start)
    HAL_TIM_IC_CaptureCallback               0x08001ffb   Thumb Code     2  stm32f1xx_hal_tim.o(i.HAL_TIM_IC_CaptureCallback)
    HAL_TIM_IRQHandler                       0x08001ffd   Thumb Code   358  stm32f1xx_hal_tim.o(i.HAL_TIM_IRQHandler)
    HAL_TIM_MspPostInit                      0x08002165   Thumb Code    94  tim.o(i.HAL_TIM_MspPostInit)
    HAL_TIM_OC_DelayElapsedCallback          0x080021d5   Thumb Code     2  stm32f1xx_hal_tim.o(i.HAL_TIM_OC_DelayElapsedCallback)
    HAL_TIM_PWM_ConfigChannel                0x080021d7   Thumb Code   204  stm32f1xx_hal_tim.o(i.HAL_TIM_PWM_ConfigChannel)
    HAL_TIM_PWM_Init                         0x080022a3   Thumb Code    90  stm32f1xx_hal_tim.o(i.HAL_TIM_PWM_Init)
    HAL_TIM_PWM_MspInit                      0x080022fd   Thumb Code     2  stm32f1xx_hal_tim.o(i.HAL_TIM_PWM_MspInit)
    HAL_TIM_PWM_PulseFinishedCallback        0x080022ff   Thumb Code     2  stm32f1xx_hal_tim.o(i.HAL_TIM_PWM_PulseFinishedCallback)
    HAL_TIM_PWM_Start                        0x08002301   Thumb Code   160  stm32f1xx_hal_tim.o(i.HAL_TIM_PWM_Start)
    HAL_TIM_PeriodElapsedCallback            0x080023b5   Thumb Code   190  main.o(i.HAL_TIM_PeriodElapsedCallback)
    HAL_TIM_TriggerCallback                  0x080024ad   Thumb Code     2  stm32f1xx_hal_tim.o(i.HAL_TIM_TriggerCallback)
    HAL_UARTEx_RxEventCallback               0x080024af   Thumb Code     2  stm32f1xx_hal_uart.o(i.HAL_UARTEx_RxEventCallback)
    HAL_UART_ErrorCallback                   0x080024b1   Thumb Code     2  stm32f1xx_hal_uart.o(i.HAL_UART_ErrorCallback)
    HAL_UART_IRQHandler                      0x080024b5   Thumb Code   616  stm32f1xx_hal_uart.o(i.HAL_UART_IRQHandler)
    HAL_UART_Init                            0x08002721   Thumb Code   100  stm32f1xx_hal_uart.o(i.HAL_UART_Init)
    HAL_UART_MspInit                         0x08002785   Thumb Code   116  usart.o(i.HAL_UART_MspInit)
    HAL_UART_Receive                         0x08002805   Thumb Code   172  stm32f1xx_hal_uart.o(i.HAL_UART_Receive)
    HAL_UART_RxCpltCallback                  0x080028b1   Thumb Code     2  stm32f1xx_hal_uart.o(i.HAL_UART_RxCpltCallback)
    HAL_UART_TxCpltCallback                  0x080028b3   Thumb Code     2  stm32f1xx_hal_uart.o(i.HAL_UART_TxCpltCallback)
    HardFault_Handler                        0x080028b5   Thumb Code     2  stm32f1xx_it.o(i.HardFault_Handler)
    I2C_ReadOneByte                          0x080028b7   Thumb Code    62  ioi2c.o(i.I2C_ReadOneByte)
    IIC_Ack                                  0x080028f5   Thumb Code    54  ioi2c.o(i.IIC_Ack)
    IIC_NAck                                 0x08002935   Thumb Code    56  ioi2c.o(i.IIC_NAck)
    IIC_Read_Byte                            0x08002975   Thumb Code   100  ioi2c.o(i.IIC_Read_Byte)
    IIC_Send_Byte                            0x080029e1   Thumb Code    86  ioi2c.o(i.IIC_Send_Byte)
    IIC_Start                                0x08002a41   Thumb Code    72  ioi2c.o(i.IIC_Start)
    IIC_Stop                                 0x08002a91   Thumb Code    56  ioi2c.o(i.IIC_Stop)
    IIC_Wait_Ack                             0x08002ad1   Thumb Code    80  ioi2c.o(i.IIC_Wait_Ack)
    IICreadByte                              0x08002b29   Thumb Code    14  ioi2c.o(i.IICreadByte)
    IICwriteBit                              0x08002b37   Thumb Code    50  ioi2c.o(i.IICwriteBit)
    IICwriteBits                             0x08002b69   Thumb Code    84  ioi2c.o(i.IICwriteBits)
    IICwriteByte                             0x08002bbd   Thumb Code    12  ioi2c.o(i.IICwriteByte)
    IICwriteBytes                            0x08002bc9   Thumb Code    68  ioi2c.o(i.IICwriteBytes)
    MPU6050_initialize                       0x08002c0d   Thumb Code    42  mpu6050.o(i.MPU6050_initialize)
    MPU6050_setClockSource                   0x08002c37   Thumb Code    18  mpu6050.o(i.MPU6050_setClockSource)
    MPU6050_setFullScaleAccelRange           0x08002c49   Thumb Code    18  mpu6050.o(i.MPU6050_setFullScaleAccelRange)
    MPU6050_setFullScaleGyroRange            0x08002c5b   Thumb Code    18  mpu6050.o(i.MPU6050_setFullScaleGyroRange)
    MPU6050_setI2CBypassEnabled              0x08002c6d   Thumb Code    12  mpu6050.o(i.MPU6050_setI2CBypassEnabled)
    MPU6050_setI2CMasterModeEnabled          0x08002c79   Thumb Code    12  mpu6050.o(i.MPU6050_setI2CMasterModeEnabled)
    MPU6050_setSleepEnabled                  0x08002c85   Thumb Code    12  mpu6050.o(i.MPU6050_setSleepEnabled)
    MX_ADC2_Init                             0x08002c91   Thumb Code    72  adc.o(i.MX_ADC2_Init)
    MX_GPIO_Init                             0x08002ce1   Thumb Code   200  gpio.o(i.MX_GPIO_Init)
    MX_TIM3_Init                             0x08002db9   Thumb Code   194  tim.o(i.MX_TIM3_Init)
    MX_TIM4_Init                             0x08002e85   Thumb Code   102  tim.o(i.MX_TIM4_Init)
    MX_TIM8_Init                             0x08002ef5   Thumb Code   104  tim.o(i.MX_TIM8_Init)
    MX_USART1_UART_Init                      0x08002f65   Thumb Code    48  usart.o(i.MX_USART1_UART_Init)
    MemManage_Handler                        0x08002f9d   Thumb Code     2  stm32f1xx_it.o(i.MemManage_Handler)
    NMI_Handler                              0x08002f9f   Thumb Code     2  stm32f1xx_it.o(i.NMI_Handler)
    OLED_Clear                               0x08002fa1   Thumb Code    40  bsp_oled.o(i.OLED_Clear)
    OLED_DrawPoint                           0x08002fcd   Thumb Code    54  bsp_oled.o(i.OLED_DrawPoint)
    OLED_Init                                0x08003009   Thumb Code   232  bsp_oled.o(i.OLED_Init)
    OLED_Refresh_Gram                        0x080030f5   Thumb Code    70  bsp_oled.o(i.OLED_Refresh_Gram)
    OLED_Show                                0x08003141   Thumb Code   196  main.o(i.OLED_Show)
    OLED_ShowChar                            0x08003269   Thumb Code   134  bsp_oled.o(i.OLED_ShowChar)
    OLED_ShowString                          0x080032f9   Thumb Code    62  bsp_oled.o(i.OLED_ShowString)
    OLED_WR_Byte                             0x08003339   Thumb Code    64  bsp_oled.o(i.OLED_WR_Byte)
    PID_init                                 0x08003381   Thumb Code   118  pid.o(i.PID_init)
    PendSV_Handler                           0x0800341d   Thumb Code     2  stm32f1xx_it.o(i.PendSV_Handler)
    Read_DMP                                 0x08003421   Thumb Code   240  mpu6050.o(i.Read_DMP)
    SVC_Handler                              0x0800351d   Thumb Code     2  stm32f1xx_it.o(i.SVC_Handler)
    SysTick_Delay_Ms                         0x0800354d   Thumb Code    50  bsp_systick.o(i.SysTick_Delay_Ms)
    SysTick_Delay_Us                         0x08003585   Thumb Code    48  bsp_systick.o(i.SysTick_Delay_Us)
    SysTick_Handler                          0x080035bd   Thumb Code     4  stm32f1xx_it.o(i.SysTick_Handler)
    SystemClock_Config                       0x080035c1   Thumb Code   122  main.o(i.SystemClock_Config)
    SystemInit                               0x0800363b   Thumb Code     2  system_stm32f1xx.o(i.SystemInit)
    TIM3_IRQHandler                          0x0800363d   Thumb Code     6  stm32f1xx_it.o(i.TIM3_IRQHandler)
    TIM_Base_SetConfig                       0x08003649   Thumb Code   120  stm32f1xx_hal_tim.o(i.TIM_Base_SetConfig)
    TIM_CCxChannelCmd                        0x080036d5   Thumb Code    26  stm32f1xx_hal_tim.o(i.TIM_CCxChannelCmd)
    TIM_ETR_SetConfig                        0x080036ef   Thumb Code    20  stm32f1xx_hal_tim.o(i.TIM_ETR_SetConfig)
    TIM_OC2_SetConfig                        0x08003775   Thumb Code    98  stm32f1xx_hal_tim.o(i.TIM_OC2_SetConfig)
    USART1_IRQHandler                        0x08003b31   Thumb Code    56  stm32f1xx_it.o(i.USART1_IRQHandler)
    UsageFault_Handler                       0x08003b75   Thumb Code     2  stm32f1xx_it.o(i.UsageFault_Handler)
    __0printf                                0x08003b79   Thumb Code    22  printfa.o(i.__0printf)
    __1printf                                0x08003b79   Thumb Code     0  printfa.o(i.__0printf)
    __2printf                                0x08003b79   Thumb Code     0  printfa.o(i.__0printf)
    __c89printf                              0x08003b79   Thumb Code     0  printfa.o(i.__0printf)
    printf                                   0x08003b79   Thumb Code     0  printfa.o(i.__0printf)
    __0sprintf                               0x08003b99   Thumb Code    34  printfa.o(i.__0sprintf)
    __1sprintf                               0x08003b99   Thumb Code     0  printfa.o(i.__0sprintf)
    __2sprintf                               0x08003b99   Thumb Code     0  printfa.o(i.__0sprintf)
    __c89sprintf                             0x08003b99   Thumb Code     0  printfa.o(i.__0sprintf)
    sprintf                                  0x08003b99   Thumb Code     0  printfa.o(i.__0sprintf)
    __ARM_fpclassify                         0x08003bc1   Thumb Code    40  fpclassify.o(i.__ARM_fpclassify)
    __kernel_poly                            0x08003c09   Thumb Code   170  poly.o(i.__kernel_poly)
    __mathlib_dbl_infnan                     0x08003cb3   Thumb Code     6  dunder.o(i.__mathlib_dbl_infnan)
    __mathlib_dbl_infnan2                    0x08003cb9   Thumb Code     4  dunder.o(i.__mathlib_dbl_infnan2)
    __mathlib_dbl_underflow                  0x08003cbd   Thumb Code    10  dunder.o(i.__mathlib_dbl_underflow)
    __scatterload_copy                       0x08003ccd   Thumb Code    14  handlers.o(i.__scatterload_copy)
    __scatterload_null                       0x08003cdb   Thumb Code     2  handlers.o(i.__scatterload_null)
    __scatterload_zeroinit                   0x08003cdd   Thumb Code    14  handlers.o(i.__scatterload_zeroinit)
    adcGetBatteryVoltage                     0x08004609   Thumb Code    60  adc.o(i.adcGetBatteryVoltage)
    atan                                     0x08004659   Thumb Code   474  atan.o(i.atan)
    atan2                                    0x08004879   Thumb Code   346  atan2.o(i.atan2)
    dmp_enable_6x_lp_quat                    0x080049f9   Thumb Code    58  inv_mpu_dmp_motion_driver.o(i.dmp_enable_6x_lp_quat)
    dmp_enable_feature                       0x08004a35   Thumb Code   464  inv_mpu_dmp_motion_driver.o(i.dmp_enable_feature)
    dmp_enable_gyro_cal                      0x08004c0d   Thumb Code    34  inv_mpu_dmp_motion_driver.o(i.dmp_enable_gyro_cal)
    dmp_enable_lp_quat                       0x08004c49   Thumb Code    58  inv_mpu_dmp_motion_driver.o(i.dmp_enable_lp_quat)
    dmp_load_motion_driver_firmware          0x08004c85   Thumb Code    16  inv_mpu_dmp_motion_driver.o(i.dmp_load_motion_driver_firmware)
    dmp_read_fifo                            0x08004c99   Thumb Code   320  inv_mpu_dmp_motion_driver.o(i.dmp_read_fifo)
    dmp_set_accel_bias                       0x08004ddd   Thumb Code   210  inv_mpu_dmp_motion_driver.o(i.dmp_set_accel_bias)
    dmp_set_fifo_rate                        0x08004eb5   Thumb Code    82  inv_mpu_dmp_motion_driver.o(i.dmp_set_fifo_rate)
    dmp_set_gyro_bias                        0x08004f19   Thumb Code   196  inv_mpu_dmp_motion_driver.o(i.dmp_set_gyro_bias)
    dmp_set_orientation                      0x08004fe5   Thumb Code   246  inv_mpu_dmp_motion_driver.o(i.dmp_set_orientation)
    dmp_set_shake_reject_thresh              0x080050f1   Thumb Code    48  inv_mpu_dmp_motion_driver.o(i.dmp_set_shake_reject_thresh)
    dmp_set_shake_reject_time                0x08005121   Thumb Code    32  inv_mpu_dmp_motion_driver.o(i.dmp_set_shake_reject_time)
    dmp_set_shake_reject_timeout             0x08005141   Thumb Code    32  inv_mpu_dmp_motion_driver.o(i.dmp_set_shake_reject_timeout)
    dmp_set_tap_axes                         0x08005161   Thumb Code    64  inv_mpu_dmp_motion_driver.o(i.dmp_set_tap_axes)
    dmp_set_tap_count                        0x080051a1   Thumb Code    34  inv_mpu_dmp_motion_driver.o(i.dmp_set_tap_count)
    dmp_set_tap_thresh                       0x080051c5   Thumb Code   274  inv_mpu_dmp_motion_driver.o(i.dmp_set_tap_thresh)
    dmp_set_tap_time                         0x080052ed   Thumb Code    32  inv_mpu_dmp_motion_driver.o(i.dmp_set_tap_time)
    dmp_set_tap_time_multi                   0x0800530d   Thumb Code    32  inv_mpu_dmp_motion_driver.o(i.dmp_set_tap_time_multi)
    fputc                                    0x0800532d   Thumb Code    18  fputc.o(i.fputc)
    i2cRead                                  0x080057d5   Thumb Code   112  ioi2c.o(i.i2cRead)
    i2cWrite                                 0x08005845   Thumb Code    84  ioi2c.o(i.i2cWrite)
    main                                     0x080058e1   Thumb Code   182  main.o(i.main)
    mpu_configure_fifo                       0x080059c1   Thumb Code    78  inv_mpu.o(i.mpu_configure_fifo)
    mpu_get_accel_fsr                        0x08005a15   Thumb Code    54  inv_mpu.o(i.mpu_get_accel_fsr)
    mpu_get_accel_sens                       0x08005a51   Thumb Code    62  inv_mpu.o(i.mpu_get_accel_sens)
    mpu_get_gyro_fsr                         0x08005a95   Thumb Code    48  inv_mpu.o(i.mpu_get_gyro_fsr)
    mpu_get_gyro_sens                        0x08005ac9   Thumb Code    44  inv_mpu.o(i.mpu_get_gyro_sens)
    mpu_get_lpf                              0x08005b09   Thumb Code    52  inv_mpu.o(i.mpu_get_lpf)
    mpu_get_sample_rate                      0x08005b41   Thumb Code    22  inv_mpu.o(i.mpu_get_sample_rate)
    mpu_init                                 0x08005b5d   Thumb Code   310  inv_mpu.o(i.mpu_init)
    mpu_load_firmware                        0x08005ce5   Thumb Code   154  inv_mpu.o(i.mpu_load_firmware)
    mpu_lp_accel_mode                        0x08005d85   Thumb Code   178  inv_mpu.o(i.mpu_lp_accel_mode)
    mpu_read_fifo_stream                     0x08005e3d   Thumb Code   140  inv_mpu.o(i.mpu_read_fifo_stream)
    mpu_read_mem                             0x08005ecd   Thumb Code    80  inv_mpu.o(i.mpu_read_mem)
    mpu_reset_fifo                           0x08005f21   Thumb Code   330  inv_mpu.o(i.mpu_reset_fifo)
    mpu_run_self_test                        0x08006071   Thumb Code   234  inv_mpu.o(i.mpu_run_self_test)
    mpu_set_accel_fsr                        0x08006161   Thumb Code    98  inv_mpu.o(i.mpu_set_accel_fsr)
    mpu_set_bypass                           0x080061c9   Thumb Code   214  inv_mpu.o(i.mpu_set_bypass)
    mpu_set_dmp_state                        0x080062a5   Thumb Code   114  inv_mpu.o(i.mpu_set_dmp_state)
    mpu_set_gyro_fsr                         0x0800631d   Thumb Code   104  inv_mpu.o(i.mpu_set_gyro_fsr)
    mpu_set_int_latched                      0x08006389   Thumb Code    94  inv_mpu.o(i.mpu_set_int_latched)
    mpu_set_lpf                              0x080063ed   Thumb Code   102  inv_mpu.o(i.mpu_set_lpf)
    mpu_set_sample_rate                      0x08006459   Thumb Code   124  inv_mpu.o(i.mpu_set_sample_rate)
    mpu_set_sensors                          0x080064d9   Thumb Code   178  inv_mpu.o(i.mpu_set_sensors)
    mpu_write_mem                            0x08006591   Thumb Code    80  inv_mpu.o(i.mpu_write_mem)
    myget_ms                                 0x080065e5   Thumb Code     2  inv_mpu.o(i.myget_ms)
    hw                                       0x0800711c   Data          12  inv_mpu.o(.constdata)
    reg                                      0x08007128   Data          27  inv_mpu.o(.constdata)
    test                                     0x08007144   Data          40  inv_mpu.o(.constdata)
    AHBPrescTable                            0x08007d86   Data          16  system_stm32f1xx.o(.constdata)
    APBPrescTable                            0x08007d96   Data           8  system_stm32f1xx.o(.constdata)
    __mathlib_zero                           0x08007e38   Data           8  qnan.o(.constdata)
    Region$$Table$$Base                      0x08007e90   Number         0  anon$$obj.o(Region$$Table)
    Region$$Table$$Limit                     0x08007eb0   Number         0  anon$$obj.o(Region$$Table)
    Encoder1Count                            0x20000000   Data           2  main.o(.data)
    Encoder2Count                            0x20000002   Data           2  main.o(.data)
    Timer1Count                              0x20000004   Data           2  main.o(.data)
    Motor1Speed                              0x20000008   Data           4  main.o(.data)
    Motor2Speed                              0x2000000c   Data           4  main.o(.data)
    Mileage                                  0x20000010   Data           4  main.o(.data)
    g_fMPU6050YawMovePidOut                  0x20000014   Data           4  main.o(.data)
    g_fMPU6050PitchMovePidOut                0x20000018   Data           4  main.o(.data)
    g_fMPU6050PitchMovePidOut1               0x2000001c   Data           4  main.o(.data)
    g_fMPU6050PitchMovePidOut2               0x20000020   Data           4  main.o(.data)
    current_x                                0x20000028   Data           8  main.o(.data)
    current_y                                0x20000030   Data           8  main.o(.data)
    usart1_ReadBufCount                      0x20000038   Data           1  stm32f1xx_it.o(.data)
    sensors                                  0x20000068   Data           2  mpu6050.o(.data)
    q0                                       0x2000006c   Data           4  mpu6050.o(.data)
    q1                                       0x20000070   Data           4  mpu6050.o(.data)
    q2                                       0x20000074   Data           4  mpu6050.o(.data)
    q3                                       0x20000078   Data           4  mpu6050.o(.data)
    Yaw                                      0x2000007c   Data           4  mpu6050.o(.data)
    gyro                                     0x20000080   Data           6  mpu6050.o(.data)
    accel                                    0x20000086   Data           6  mpu6050.o(.data)
    uwTickFreq                               0x20000098   Data           1  stm32f1xx_hal.o(.data)
    uwTickPrio                               0x2000009c   Data           4  stm32f1xx_hal.o(.data)
    uwTick                                   0x200000a0   Data           4  stm32f1xx_hal.o(.data)
    SystemCoreClock                          0x200000a4   Data           4  system_stm32f1xx.o(.data)
    __stdout                                 0x200000a8   Data           4  stdout.o(.data)
    OledString                               0x200000ac   Data          30  main.o(.bss)
    hadc2                                    0x200000cc   Data          48  adc.o(.bss)
    htim3                                    0x200000fc   Data          72  tim.o(.bss)
    htim4                                    0x20000144   Data          72  tim.o(.bss)
    htim8                                    0x2000018c   Data          72  tim.o(.bss)
    huart1                                   0x200001d4   Data          72  usart.o(.bss)
    usart1_ReadBuf                           0x2000021c   Data         256  stm32f1xx_it.o(.bss)
    OLED_GRAM                                0x2000031c   Data        1024  bsp_oled.o(.bss)
    pidMotor1Speed                           0x2000071c   Data          36  pid.o(.bss)
    pidMotor2Speed                           0x20000740   Data          36  pid.o(.bss)
    pidMPU6050YawMovement                    0x20000764   Data          36  pid.o(.bss)
    pidMPU6050PitchMovement                  0x20000788   Data          36  pid.o(.bss)
    wheel                                    0x200007ac   Data          32  pid.o(.bss)
    __initial_sp                             0x20000fe0   Data           0  startup_stm32f103xe.o(STACK)



==============================================================================

Memory Map of the image

  Image Entry point : 0x08000131

  Load Region LR_IROM1 (Base: 0x08000000, Size: 0x00007f5c, Max: 0x00040000, ABSOLUTE)

    Execution Region ER_IROM1 (Base: 0x08000000, Size: 0x00007eb0, Max: 0x00040000, ABSOLUTE)

    Base Addr    Size         Type   Attr      Idx    E Section Name        Object

    0x08000000   0x00000130   Data   RO            3    RESET               startup_stm32f103xe.o
    0x08000130   0x00000000   Code   RO         4896  * .ARM.Collect$$$$00000000  mc_w.l(entry.o)
    0x08000130   0x00000004   Code   RO         5279    .ARM.Collect$$$$00000001  mc_w.l(entry2.o)
    0x08000134   0x00000004   Code   RO         5282    .ARM.Collect$$$$00000004  mc_w.l(entry5.o)
    0x08000138   0x00000000   Code   RO         5284    .ARM.Collect$$$$00000008  mc_w.l(entry7b.o)
    0x08000138   0x00000000   Code   RO         5286    .ARM.Collect$$$$0000000A  mc_w.l(entry8b.o)
    0x08000138   0x00000008   Code   RO         5287    .ARM.Collect$$$$0000000B  mc_w.l(entry9a.o)
    0x08000140   0x00000000   Code   RO         5289    .ARM.Collect$$$$0000000D  mc_w.l(entry10a.o)
    0x08000140   0x00000000   Code   RO         5291    .ARM.Collect$$$$0000000F  mc_w.l(entry11a.o)
    0x08000140   0x00000004   Code   RO         5280    .ARM.Collect$$$$00002712  mc_w.l(entry2.o)
    0x08000144   0x00000024   Code   RO            4    .text               startup_stm32f103xe.o
    0x08000168   0x00000062   Code   RO         4899    .text               mc_w.l(ldiv.o)
    0x080001ca   0x00000020   Code   RO         4901    .text               mc_w.l(llushr.o)
    0x080001ea   0x00000024   Code   RO         4907    .text               mc_w.l(memseta.o)
    0x0800020e   0x0000001a   Code   RO         4913    .text               mc_w.l(memcmp.o)
    0x08000228   0x000000b0   Code   RO         5216    .text               mf_w.l(fadd.o)
    0x080002d8   0x00000064   Code   RO         5218    .text               mf_w.l(fmul.o)
    0x0800033c   0x0000007c   Code   RO         5220    .text               mf_w.l(fdiv.o)
    0x080003b8   0x00000018   Code   RO         5222    .text               mf_w.l(fscalb.o)
    0x080003d0   0x0000014e   Code   RO         5224    .text               mf_w.l(dadd.o)
    0x0800051e   0x000000e4   Code   RO         5226    .text               mf_w.l(dmul.o)
    0x08000602   0x000000de   Code   RO         5228    .text               mf_w.l(ddiv.o)
    0x080006e0   0x0000002e   Code   RO         5230    .text               mf_w.l(dscalb.o)
    0x0800070e   0x00000012   Code   RO         5232    .text               mf_w.l(fflti.o)
    0x08000720   0x0000000a   Code   RO         5234    .text               mf_w.l(ffltui.o)
    0x0800072a   0x00000032   Code   RO         5238    .text               mf_w.l(ffixi.o)
    0x0800075c   0x00000028   Code   RO         5240    .text               mf_w.l(ffixui.o)
    0x08000784   0x00000026   Code   RO         5244    .text               mf_w.l(f2d.o)
    0x080007aa   0x00000002   PAD
    0x080007ac   0x00000030   Code   RO         5248    .text               mf_w.l(cdrcmple.o)
    0x080007dc   0x00000038   Code   RO         5250    .text               mf_w.l(d2f.o)
    0x08000814   0x0000002c   Code   RO         5296    .text               mc_w.l(uidiv.o)
    0x08000840   0x00000062   Code   RO         5298    .text               mc_w.l(uldiv.o)
    0x080008a2   0x0000001e   Code   RO         5300    .text               mc_w.l(llshl.o)
    0x080008c0   0x00000024   Code   RO         5302    .text               mc_w.l(llsshr.o)
    0x080008e4   0x00000000   Code   RO         5319    .text               mc_w.l(iusefp.o)
    0x080008e4   0x0000006e   Code   RO         5320    .text               mf_w.l(fepilogue.o)
    0x08000952   0x000000ba   Code   RO         5322    .text               mf_w.l(depilogue.o)
    0x08000a0c   0x00000030   Code   RO         5328    .text               mf_w.l(dfixul.o)
    0x08000a3c   0x00000024   Code   RO         5334    .text               mc_w.l(init.o)
    0x08000a60   0x00000000   Code   RO         5336    .text               mc_w.l(semi.o)
    0x08000a60   0x00000000   Code   RO         5341    .text               mc_w.l(iusesemip.o)
    0x08000a60   0x00000056   Code   RO         2252    i.ADC_ConversionStop_Disable  stm32f1xx_hal_adc.o
    0x08000ab6   0x00000002   PAD
    0x08000ab8   0x0000007c   Code   RO         2256    i.ADC_Enable        stm32f1xx_hal_adc.o
    0x08000b34   0x00000002   Code   RO          464    i.BusFault_Handler  stm32f1xx_it.o
    0x08000b36   0x00000002   PAD
    0x08000b38   0x0000009c   Code   RO         2096    i.DMP_Init          mpu6050.o
    0x08000bd4   0x00000002   Code   RO          465    i.DebugMon_Handler  stm32f1xx_it.o
    0x08000bd6   0x00000004   Code   RO           15    i.Error_Handler     main.o
    0x08000bda   0x00000002   PAD
    0x08000bdc   0x000000fc   Code   RO         2258    i.HAL_ADC_ConfigChannel  stm32f1xx_hal_adc.o
    0x08000cd8   0x00000006   Code   RO         2265    i.HAL_ADC_GetValue  stm32f1xx_hal_adc.o
    0x08000cde   0x00000002   PAD
    0x08000ce0   0x00000124   Code   RO         2267    i.HAL_ADC_Init      stm32f1xx_hal_adc.o
    0x08000e04   0x00000058   Code   RO          303    i.HAL_ADC_MspInit   adc.o
    0x08000e5c   0x0000013c   Code   RO         2271    i.HAL_ADC_PollForConversion  stm32f1xx_hal_adc.o
    0x08000f98   0x000000c0   Code   RO         2273    i.HAL_ADC_Start     stm32f1xx_hal_adc.o
    0x08001058   0x00000046   Code   RO         2909    i.HAL_DMA_Abort     stm32f1xx_hal_dma.o
    0x0800109e   0x00000002   PAD
    0x080010a0   0x00000130   Code   RO         2910    i.HAL_DMA_Abort_IT  stm32f1xx_hal_dma.o
    0x080011d0   0x00000024   Code   RO         2535    i.HAL_Delay         stm32f1xx_hal.o
    0x080011f4   0x000001f8   Code   RO         2845    i.HAL_GPIO_Init     stm32f1xx_hal_gpio.o
    0x080013ec   0x0000000a   Code   RO         2849    i.HAL_GPIO_WritePin  stm32f1xx_hal_gpio.o
    0x080013f6   0x00000002   PAD
    0x080013f8   0x0000000c   Code   RO         2539    i.HAL_GetTick       stm32f1xx_hal.o
    0x08001404   0x00000010   Code   RO         2545    i.HAL_IncTick       stm32f1xx_hal.o
    0x08001414   0x00000024   Code   RO         2546    i.HAL_Init          stm32f1xx_hal.o
    0x08001438   0x00000040   Code   RO         2547    i.HAL_InitTick      stm32f1xx_hal.o
    0x08001478   0x0000003c   Code   RO          556    i.HAL_MspInit       stm32f1xx_hal_msp.o
    0x080014b4   0x0000001a   Code   RO         3005    i.HAL_NVIC_EnableIRQ  stm32f1xx_hal_cortex.o
    0x080014ce   0x00000002   PAD
    0x080014d0   0x00000040   Code   RO         3011    i.HAL_NVIC_SetPriority  stm32f1xx_hal_cortex.o
    0x08001510   0x00000024   Code   RO         3012    i.HAL_NVIC_SetPriorityGrouping  stm32f1xx_hal_cortex.o
    0x08001534   0x000000b8   Code   RO         2806    i.HAL_RCCEx_GetPeriphCLKFreq  stm32f1xx_hal_rcc_ex.o
    0x080015ec   0x000000ec   Code   RO         2807    i.HAL_RCCEx_PeriphCLKConfig  stm32f1xx_hal_rcc_ex.o
    0x080016d8   0x0000012c   Code   RO         2703    i.HAL_RCC_ClockConfig  stm32f1xx_hal_rcc.o
    0x08001804   0x00000020   Code   RO         2710    i.HAL_RCC_GetPCLK1Freq  stm32f1xx_hal_rcc.o
    0x08001824   0x00000020   Code   RO         2711    i.HAL_RCC_GetPCLK2Freq  stm32f1xx_hal_rcc.o
    0x08001844   0x0000004c   Code   RO         2712    i.HAL_RCC_GetSysClockFreq  stm32f1xx_hal_rcc.o
    0x08001890   0x00000320   Code   RO         2715    i.HAL_RCC_OscConfig  stm32f1xx_hal_rcc.o
    0x08001bb0   0x00000028   Code   RO         3016    i.HAL_SYSTICK_Config  stm32f1xx_hal_cortex.o
    0x08001bd8   0x00000002   Code   RO         4211    i.HAL_TIMEx_BreakCallback  stm32f1xx_hal_tim_ex.o
    0x08001bda   0x00000002   Code   RO         4212    i.HAL_TIMEx_CommutCallback  stm32f1xx_hal_tim_ex.o
    0x08001bdc   0x0000007c   Code   RO         4230    i.HAL_TIMEx_MasterConfigSynchronization  stm32f1xx_hal_tim_ex.o
    0x08001c58   0x0000005a   Code   RO         3507    i.HAL_TIM_Base_Init  stm32f1xx_hal_tim.o
    0x08001cb2   0x00000002   PAD
    0x08001cb4   0x0000003c   Code   RO          351    i.HAL_TIM_Base_MspInit  tim.o
    0x08001cf0   0x0000006c   Code   RO         3512    i.HAL_TIM_Base_Start_IT  stm32f1xx_hal_tim.o
    0x08001d5c   0x000000dc   Code   RO         3516    i.HAL_TIM_ConfigClockSource  stm32f1xx_hal_tim.o
    0x08001e38   0x000000a4   Code   RO         3528    i.HAL_TIM_Encoder_Init  stm32f1xx_hal_tim.o
    0x08001edc   0x00000090   Code   RO          353    i.HAL_TIM_Encoder_MspInit  tim.o
    0x08001f6c   0x0000008e   Code   RO         3531    i.HAL_TIM_Encoder_Start  stm32f1xx_hal_tim.o
    0x08001ffa   0x00000002   Code   RO         3541    i.HAL_TIM_IC_CaptureCallback  stm32f1xx_hal_tim.o
    0x08001ffc   0x00000166   Code   RO         3555    i.HAL_TIM_IRQHandler  stm32f1xx_hal_tim.o
    0x08002162   0x00000002   PAD
    0x08002164   0x00000070   Code   RO          354    i.HAL_TIM_MspPostInit  tim.o
    0x080021d4   0x00000002   Code   RO         3558    i.HAL_TIM_OC_DelayElapsedCallback  stm32f1xx_hal_tim.o
    0x080021d6   0x000000cc   Code   RO         3579    i.HAL_TIM_PWM_ConfigChannel  stm32f1xx_hal_tim.o
    0x080022a2   0x0000005a   Code   RO         3582    i.HAL_TIM_PWM_Init  stm32f1xx_hal_tim.o
    0x080022fc   0x00000002   Code   RO         3584    i.HAL_TIM_PWM_MspInit  stm32f1xx_hal_tim.o
    0x080022fe   0x00000002   Code   RO         3585    i.HAL_TIM_PWM_PulseFinishedCallback  stm32f1xx_hal_tim.o
    0x08002300   0x000000b4   Code   RO         3587    i.HAL_TIM_PWM_Start  stm32f1xx_hal_tim.o
    0x080023b4   0x000000f8   Code   RO           16    i.HAL_TIM_PeriodElapsedCallback  main.o
    0x080024ac   0x00000002   Code   RO         3598    i.HAL_TIM_TriggerCallback  stm32f1xx_hal_tim.o
    0x080024ae   0x00000002   Code   RO         4490    i.HAL_UARTEx_RxEventCallback  stm32f1xx_hal_uart.o
    0x080024b0   0x00000002   Code   RO         4504    i.HAL_UART_ErrorCallback  stm32f1xx_hal_uart.o
    0x080024b2   0x00000002   PAD
    0x080024b4   0x0000026c   Code   RO         4507    i.HAL_UART_IRQHandler  stm32f1xx_hal_uart.o
    0x08002720   0x00000064   Code   RO         4508    i.HAL_UART_Init     stm32f1xx_hal_uart.o
    0x08002784   0x00000080   Code   RO          423    i.HAL_UART_MspInit  usart.o
    0x08002804   0x000000ac   Code   RO         4511    i.HAL_UART_Receive  stm32f1xx_hal_uart.o
    0x080028b0   0x00000002   Code   RO         4514    i.HAL_UART_RxCpltCallback  stm32f1xx_hal_uart.o
    0x080028b2   0x00000002   Code   RO         4519    i.HAL_UART_TxCpltCallback  stm32f1xx_hal_uart.o
    0x080028b4   0x00000002   Code   RO          466    i.HardFault_Handler  stm32f1xx_it.o
    0x080028b6   0x0000003e   Code   RO         1980    i.I2C_ReadOneByte   ioi2c.o
    0x080028f4   0x00000040   Code   RO         1981    i.IIC_Ack           ioi2c.o
    0x08002934   0x00000040   Code   RO         1982    i.IIC_NAck          ioi2c.o
    0x08002974   0x0000006c   Code   RO         1983    i.IIC_Read_Byte     ioi2c.o
    0x080029e0   0x00000060   Code   RO         1984    i.IIC_Send_Byte     ioi2c.o
    0x08002a40   0x00000050   Code   RO         1985    i.IIC_Start         ioi2c.o
    0x08002a90   0x00000040   Code   RO         1986    i.IIC_Stop          ioi2c.o
    0x08002ad0   0x00000058   Code   RO         1987    i.IIC_Wait_Ack      ioi2c.o
    0x08002b28   0x0000000e   Code   RO         1988    i.IICreadByte       ioi2c.o
    0x08002b36   0x00000032   Code   RO         1990    i.IICwriteBit       ioi2c.o
    0x08002b68   0x00000054   Code   RO         1991    i.IICwriteBits      ioi2c.o
    0x08002bbc   0x0000000c   Code   RO         1992    i.IICwriteByte      ioi2c.o
    0x08002bc8   0x00000044   Code   RO         1993    i.IICwriteBytes     ioi2c.o
    0x08002c0c   0x0000002a   Code   RO         2098    i.MPU6050_initialize  mpu6050.o
    0x08002c36   0x00000012   Code   RO         2100    i.MPU6050_setClockSource  mpu6050.o
    0x08002c48   0x00000012   Code   RO         2101    i.MPU6050_setFullScaleAccelRange  mpu6050.o
    0x08002c5a   0x00000012   Code   RO         2102    i.MPU6050_setFullScaleGyroRange  mpu6050.o
    0x08002c6c   0x0000000c   Code   RO         2103    i.MPU6050_setI2CBypassEnabled  mpu6050.o
    0x08002c78   0x0000000c   Code   RO         2104    i.MPU6050_setI2CMasterModeEnabled  mpu6050.o
    0x08002c84   0x0000000c   Code   RO         2105    i.MPU6050_setSleepEnabled  mpu6050.o
    0x08002c90   0x00000050   Code   RO          304    i.MX_ADC2_Init      adc.o
    0x08002ce0   0x000000d8   Code   RO          278    i.MX_GPIO_Init      gpio.o
    0x08002db8   0x000000cc   Code   RO          355    i.MX_TIM3_Init      tim.o
    0x08002e84   0x00000070   Code   RO          356    i.MX_TIM4_Init      tim.o
    0x08002ef4   0x00000070   Code   RO          357    i.MX_TIM8_Init      tim.o
    0x08002f64   0x00000038   Code   RO          424    i.MX_USART1_UART_Init  usart.o
    0x08002f9c   0x00000002   Code   RO          467    i.MemManage_Handler  stm32f1xx_it.o
    0x08002f9e   0x00000002   Code   RO          468    i.NMI_Handler       stm32f1xx_it.o
    0x08002fa0   0x0000002c   Code   RO          580    i.OLED_Clear        bsp_oled.o
    0x08002fcc   0x0000003c   Code   RO          583    i.OLED_DrawPoint    bsp_oled.o
    0x08003008   0x000000ec   Code   RO          584    i.OLED_Init         bsp_oled.o
    0x080030f4   0x0000004c   Code   RO          586    i.OLED_Refresh_Gram  bsp_oled.o
    0x08003140   0x00000128   Code   RO           24    i.OLED_Show         main.o
    0x08003268   0x00000090   Code   RO          587    i.OLED_ShowChar     bsp_oled.o
    0x080032f8   0x0000003e   Code   RO          589    i.OLED_ShowString   bsp_oled.o
    0x08003336   0x00000002   PAD
    0x08003338   0x00000048   Code   RO          590    i.OLED_WR_Byte      bsp_oled.o
    0x08003380   0x0000009c   Code   RO         1342    i.PID_init          pid.o
    0x0800341c   0x00000002   Code   RO          469    i.PendSV_Handler    stm32f1xx_it.o
    0x0800341e   0x00000002   PAD
    0x08003420   0x000000fc   Code   RO         2107    i.Read_DMP          mpu6050.o
    0x0800351c   0x00000002   Code   RO          470    i.SVC_Handler       stm32f1xx_it.o
    0x0800351e   0x00000002   PAD
    0x08003520   0x0000002c   Code   RO         1383    i.SysTick_Config    bsp_systick.o
    0x0800354c   0x00000038   Code   RO         1384    i.SysTick_Delay_Ms  bsp_systick.o
    0x08003584   0x00000038   Code   RO         1385    i.SysTick_Delay_Us  bsp_systick.o
    0x080035bc   0x00000004   Code   RO          471    i.SysTick_Handler   stm32f1xx_it.o
    0x080035c0   0x0000007a   Code   RO           25    i.SystemClock_Config  main.o
    0x0800363a   0x00000002   Code   RO         4842    i.SystemInit        system_stm32f1xx.o
    0x0800363c   0x0000000c   Code   RO          472    i.TIM3_IRQHandler   stm32f1xx_it.o
    0x08003648   0x0000008c   Code   RO         3600    i.TIM_Base_SetConfig  stm32f1xx_hal_tim.o
    0x080036d4   0x0000001a   Code   RO         3601    i.TIM_CCxChannelCmd  stm32f1xx_hal_tim.o
    0x080036ee   0x00000014   Code   RO         3611    i.TIM_ETR_SetConfig  stm32f1xx_hal_tim.o
    0x08003702   0x00000010   Code   RO         3612    i.TIM_ITRx_SetConfig  stm32f1xx_hal_tim.o
    0x08003712   0x00000002   PAD
    0x08003714   0x00000060   Code   RO         3613    i.TIM_OC1_SetConfig  stm32f1xx_hal_tim.o
    0x08003774   0x0000006c   Code   RO         3614    i.TIM_OC2_SetConfig  stm32f1xx_hal_tim.o
    0x080037e0   0x00000068   Code   RO         3615    i.TIM_OC3_SetConfig  stm32f1xx_hal_tim.o
    0x08003848   0x00000050   Code   RO         3616    i.TIM_OC4_SetConfig  stm32f1xx_hal_tim.o
    0x08003898   0x00000022   Code   RO         3618    i.TIM_TI1_ConfigInputStage  stm32f1xx_hal_tim.o
    0x080038ba   0x00000024   Code   RO         3620    i.TIM_TI2_ConfigInputStage  stm32f1xx_hal_tim.o
    0x080038de   0x00000010   Code   RO         4521    i.UART_DMAAbortOnError  stm32f1xx_hal_uart.o
    0x080038ee   0x0000004e   Code   RO         4531    i.UART_EndRxTransfer  stm32f1xx_hal_uart.o
    0x0800393c   0x000000c2   Code   RO         4533    i.UART_Receive_IT   stm32f1xx_hal_uart.o
    0x080039fe   0x00000002   PAD
    0x08003a00   0x000000b8   Code   RO         4534    i.UART_SetConfig    stm32f1xx_hal_uart.o
    0x08003ab8   0x00000078   Code   RO         4537    i.UART_WaitOnFlagUntilTimeout  stm32f1xx_hal_uart.o
    0x08003b30   0x00000044   Code   RO          473    i.USART1_IRQHandler  stm32f1xx_it.o
    0x08003b74   0x00000002   Code   RO          474    i.UsageFault_Handler  stm32f1xx_it.o
    0x08003b76   0x00000002   PAD
    0x08003b78   0x00000020   Code   RO         5154    i.__0printf         mc_w.l(printfa.o)
    0x08003b98   0x00000028   Code   RO         5156    i.__0sprintf        mc_w.l(printfa.o)
    0x08003bc0   0x00000028   Code   RO         5330    i.__ARM_fpclassify  m_ws.l(fpclassify.o)
    0x08003be8   0x00000020   Code   RO         3018    i.__NVIC_SetPriority  stm32f1xx_hal_cortex.o
    0x08003c08   0x000000aa   Code   RO         5332    i.__kernel_poly     m_ws.l(poly.o)
    0x08003cb2   0x00000006   Code   RO         5265    i.__mathlib_dbl_infnan  m_ws.l(dunder.o)
    0x08003cb8   0x00000004   Code   RO         5266    i.__mathlib_dbl_infnan2  m_ws.l(dunder.o)
    0x08003cbc   0x00000010   Code   RO         5270    i.__mathlib_dbl_underflow  m_ws.l(dunder.o)
    0x08003ccc   0x0000000e   Code   RO         5347    i.__scatterload_copy  mc_w.l(handlers.o)
    0x08003cda   0x00000002   Code   RO         5348    i.__scatterload_null  mc_w.l(handlers.o)
    0x08003cdc   0x0000000e   Code   RO         5349    i.__scatterload_zeroinit  mc_w.l(handlers.o)
    0x08003cea   0x00000002   PAD
    0x08003cec   0x00000164   Code   RO         5161    i._fp_digits        mc_w.l(printfa.o)
    0x08003e50   0x000006dc   Code   RO         5162    i._printf_core      mc_w.l(printfa.o)
    0x0800452c   0x00000024   Code   RO         5163    i._printf_post_padding  mc_w.l(printfa.o)
    0x08004550   0x0000002e   Code   RO         5164    i._printf_pre_padding  mc_w.l(printfa.o)
    0x0800457e   0x0000000a   Code   RO         5166    i._sputc            mc_w.l(printfa.o)
    0x08004588   0x00000080   Code   RO         1478    i.accel_self_test   inv_mpu.o
    0x08004608   0x00000050   Code   RO          305    i.adcGetBatteryVoltage  adc.o
    0x08004658   0x00000220   Code   RO         5255    i.atan              m_ws.l(atan.o)
    0x08004878   0x00000180   Code   RO         4877    i.atan2             m_ws.l(atan2.o)
    0x080049f8   0x0000003a   Code   RO         1801    i.dmp_enable_6x_lp_quat  inv_mpu_dmp_motion_driver.o
    0x08004a32   0x00000002   PAD
    0x08004a34   0x000001d8   Code   RO         1802    i.dmp_enable_feature  inv_mpu_dmp_motion_driver.o
    0x08004c0c   0x0000003c   Code   RO         1803    i.dmp_enable_gyro_cal  inv_mpu_dmp_motion_driver.o
    0x08004c48   0x0000003a   Code   RO         1804    i.dmp_enable_lp_quat  inv_mpu_dmp_motion_driver.o
    0x08004c82   0x00000002   PAD
    0x08004c84   0x00000014   Code   RO         1809    i.dmp_load_motion_driver_firmware  inv_mpu_dmp_motion_driver.o
    0x08004c98   0x00000144   Code   RO         1810    i.dmp_read_fifo     inv_mpu_dmp_motion_driver.o
    0x08004ddc   0x000000d8   Code   RO         1813    i.dmp_set_accel_bias  inv_mpu_dmp_motion_driver.o
    0x08004eb4   0x00000064   Code   RO         1814    i.dmp_set_fifo_rate  inv_mpu_dmp_motion_driver.o
    0x08004f18   0x000000cc   Code   RO         1815    i.dmp_set_gyro_bias  inv_mpu_dmp_motion_driver.o
    0x08004fe4   0x0000010c   Code   RO         1817    i.dmp_set_orientation  inv_mpu_dmp_motion_driver.o
    0x080050f0   0x00000030   Code   RO         1820    i.dmp_set_shake_reject_thresh  inv_mpu_dmp_motion_driver.o
    0x08005120   0x00000020   Code   RO         1821    i.dmp_set_shake_reject_time  inv_mpu_dmp_motion_driver.o
    0x08005140   0x00000020   Code   RO         1822    i.dmp_set_shake_reject_timeout  inv_mpu_dmp_motion_driver.o
    0x08005160   0x00000040   Code   RO         1823    i.dmp_set_tap_axes  inv_mpu_dmp_motion_driver.o
    0x080051a0   0x00000022   Code   RO         1824    i.dmp_set_tap_count  inv_mpu_dmp_motion_driver.o
    0x080051c2   0x00000002   PAD
    0x080051c4   0x00000128   Code   RO         1825    i.dmp_set_tap_thresh  inv_mpu_dmp_motion_driver.o
    0x080052ec   0x00000020   Code   RO         1826    i.dmp_set_tap_time  inv_mpu_dmp_motion_driver.o
    0x0800530c   0x00000020   Code   RO         1827    i.dmp_set_tap_time_multi  inv_mpu_dmp_motion_driver.o
    0x0800532c   0x00000012   Code   RO         5293    i.fputc             mc_w.l(fputc.o)
    0x0800533e   0x00000002   PAD
    0x08005340   0x000000ac   Code   RO         1479    i.get_accel_prod_shift  inv_mpu.o
    0x080053ec   0x00000314   Code   RO         1480    i.get_st_biases     inv_mpu.o
    0x08005700   0x000000d4   Code   RO         1481    i.gyro_self_test    inv_mpu.o
    0x080057d4   0x00000070   Code   RO         1994    i.i2cRead           ioi2c.o
    0x08005844   0x00000054   Code   RO         1995    i.i2cWrite          ioi2c.o
    0x08005898   0x00000048   Code   RO         2109    i.inv_row_2_scale   mpu6050.o
    0x080058e0   0x000000e0   Code   RO           28    i.main              main.o
    0x080059c0   0x00000054   Code   RO         1482    i.mpu_configure_fifo  inv_mpu.o
    0x08005a14   0x0000003c   Code   RO         1483    i.mpu_get_accel_fsr  inv_mpu.o
    0x08005a50   0x00000044   Code   RO         1485    i.mpu_get_accel_sens  inv_mpu.o
    0x08005a94   0x00000034   Code   RO         1491    i.mpu_get_gyro_fsr  inv_mpu.o
    0x08005ac8   0x00000040   Code   RO         1493    i.mpu_get_gyro_sens  inv_mpu.o
    0x08005b08   0x00000038   Code   RO         1495    i.mpu_get_lpf       inv_mpu.o
    0x08005b40   0x0000001c   Code   RO         1497    i.mpu_get_sample_rate  inv_mpu.o
    0x08005b5c   0x00000188   Code   RO         1499    i.mpu_init          inv_mpu.o
    0x08005ce4   0x000000a0   Code   RO         1500    i.mpu_load_firmware  inv_mpu.o
    0x08005d84   0x000000b8   Code   RO         1501    i.mpu_lp_accel_mode  inv_mpu.o
    0x08005e3c   0x00000090   Code   RO         1504    i.mpu_read_fifo_stream  inv_mpu.o
    0x08005ecc   0x00000054   Code   RO         1505    i.mpu_read_mem      inv_mpu.o
    0x08005f20   0x00000150   Code   RO         1508    i.mpu_reset_fifo    inv_mpu.o
    0x08006070   0x000000f0   Code   RO         1509    i.mpu_run_self_test  inv_mpu.o
    0x08006160   0x00000068   Code   RO         1511    i.mpu_set_accel_fsr  inv_mpu.o
    0x080061c8   0x000000dc   Code   RO         1512    i.mpu_set_bypass    inv_mpu.o
    0x080062a4   0x00000078   Code   RO         1514    i.mpu_set_dmp_state  inv_mpu.o
    0x0800631c   0x0000006c   Code   RO         1515    i.mpu_set_gyro_fsr  inv_mpu.o
    0x08006388   0x00000064   Code   RO         1516    i.mpu_set_int_latched  inv_mpu.o
    0x080063ec   0x0000006c   Code   RO         1518    i.mpu_set_lpf       inv_mpu.o
    0x08006458   0x00000080   Code   RO         1519    i.mpu_set_sample_rate  inv_mpu.o
    0x080064d8   0x000000b8   Code   RO         1520    i.mpu_set_sensors   inv_mpu.o
    0x08006590   0x00000054   Code   RO         1521    i.mpu_write_mem     inv_mpu.o
    0x080065e4   0x00000002   Code   RO         1522    i.myget_ms          inv_mpu.o
    0x080065e6   0x0000007a   Code   RO         2110    i.run_self_test     mpu6050.o
    0x08006660   0x00000058   Code   RO         1523    i.set_int_enable    inv_mpu.o
    0x080066b8   0x00000a64   Data   RO          593    .constdata          bsp_oled.o
    0x0800711c   0x0000000c   Data   RO         1524    .constdata          inv_mpu.o
    0x08007128   0x0000001b   Data   RO         1525    .constdata          inv_mpu.o
    0x08007143   0x00000001   PAD
    0x08007144   0x00000028   Data   RO         1526    .constdata          inv_mpu.o
    0x0800716c   0x00000bf6   Data   RO         1829    .constdata          inv_mpu_dmp_motion_driver.o
    0x08007d62   0x00000012   Data   RO         2716    .constdata          stm32f1xx_hal_rcc.o
    0x08007d74   0x00000012   Data   RO         2808    .constdata          stm32f1xx_hal_rcc_ex.o
    0x08007d86   0x00000010   Data   RO         4843    .constdata          system_stm32f1xx.o
    0x08007d96   0x00000008   Data   RO         4844    .constdata          system_stm32f1xx.o
    0x08007d9e   0x00000002   PAD
    0x08007da0   0x00000098   Data   RO         5256    .constdata          m_ws.l(atan.o)
    0x08007e38   0x00000008   Data   RO         5278    .constdata          m_ws.l(qnan.o)
    0x08007e40   0x0000004e   Data   RO         1527    .conststring        inv_mpu.o
    0x08007e8e   0x00000002   PAD
    0x08007e90   0x00000020   Data   RO         5345    Region$$Table       anon$$obj.o


    Execution Region RW_IRAM1 (Base: 0x20000000, Size: 0x00000fe0, Max: 0x0000c000, ABSOLUTE)

    Base Addr    Size         Type   Attr      Idx    E Section Name        Object

    0x20000000   0x00000038   Data   RW           31    .data               main.o
    0x20000038   0x00000001   Data   RW          476    .data               stm32f1xx_it.o
    0x20000039   0x00000003   PAD
    0x2000003c   0x0000002c   Data   RW         1528    .data               inv_mpu.o
    0x20000068   0x0000002d   Data   RW         2112    .data               mpu6050.o
    0x20000095   0x00000003   PAD
    0x20000098   0x0000000c   Data   RW         2553    .data               stm32f1xx_hal.o
    0x200000a4   0x00000004   Data   RW         4845    .data               system_stm32f1xx.o
    0x200000a8   0x00000004   Data   RW         5295    .data               mc_w.l(stdout.o)
    0x200000ac   0x0000001e   Zero   RW           30    .bss                main.o
    0x200000ca   0x00000002   PAD
    0x200000cc   0x00000030   Zero   RW          306    .bss                adc.o
    0x200000fc   0x000000d8   Zero   RW          358    .bss                tim.o
    0x200001d4   0x00000048   Zero   RW          425    .bss                usart.o
    0x2000021c   0x00000100   Zero   RW          475    .bss                stm32f1xx_it.o
    0x2000031c   0x00000400   Zero   RW          592    .bss                bsp_oled.o
    0x2000071c   0x000000b0   Zero   RW         1345    .bss                pid.o
    0x200007cc   0x00000010   Zero   RW         1828    .bss                inv_mpu_dmp_motion_driver.o
    0x200007dc   0x00000004   PAD
    0x200007e0   0x00000800   Zero   RW            1    STACK               startup_stm32f103xe.o


==============================================================================

Image component sizes


      Code (inc. data)   RO Data    RW Data    ZI Data      Debug   Object Name

       248         40          0          0         48       2124   adc.o
       694         38       2660          0       1024       5436   bsp_oled.o
       156         20          0          0          0      27213   bsp_systick.o
       216         16          0          0          0        963   gpio.o
      4498        280        157         44          0      25910   inv_mpu.o
      2350        118       3062          0         16      19326   inv_mpu_dmp_motion_driver.o
      1050         60          0          0          0       9690   ioi2c.o
       894        200          0         56         30     506160   main.o
       734         24          0         45          0      33058   mpu6050.o
       156         38          0          0        176        871   pid.o
        36          8        304          0       2048        788   startup_stm32f103xe.o
       164         28          0         12          0       6401   stm32f1xx_hal.o
      1268         58          0          0          0       6476   stm32f1xx_hal_adc.o
       198         14          0          0          0      28863   stm32f1xx_hal_cortex.o
       374          8          0          0          0       1795   stm32f1xx_hal_dma.o
       514         42          0          0          0       2864   stm32f1xx_hal_gpio.o
        60          8          0          0          0        842   stm32f1xx_hal_msp.o
      1240         84         18          0          0       5044   stm32f1xx_hal_rcc.o
       420         30         18          0          0       2477   stm32f1xx_hal_rcc_ex.o
      2226         96          0          0          0      17801   stm32f1xx_hal_tim.o
       128         20          0          0          0       2353   stm32f1xx_hal_tim_ex.o
      1492         10          0          0          0       9843   stm32f1xx_hal_uart.o
       100         18          0          1        256       5324   stm32f1xx_it.o
         2          0         24          4          0       1079   system_stm32f1xx.o
       744         76          0          0        216       4304   tim.o
       184         20          0          0         72       1638   usart.o

    ----------------------------------------------------------------------
     20184       1354       6280        168       3892     728643   Object Totals
         0          0         32          0          0          0   (incl. Generated)
        38          0          5          6          6          0   (incl. Padding)

    ----------------------------------------------------------------------

      Code (inc. data)   RO Data    RW Data    ZI Data      Debug   Library Member Name

       544         70        152          0          0        124   atan.o
       384         38          0          0          0        144   atan2.o
        26          6          0          0          0        204   dunder.o
        40          0          0          0          0         68   fpclassify.o
       170          0          0          0          0         96   poly.o
         0          0          8          0          0          0   qnan.o
         0          0          0          0          0          0   entry.o
         0          0          0          0          0          0   entry10a.o
         0          0          0          0          0          0   entry11a.o
         8          4          0          0          0          0   entry2.o
         4          0          0          0          0          0   entry5.o
         0          0          0          0          0          0   entry7b.o
         0          0          0          0          0          0   entry8b.o
         8          4          0          0          0          0   entry9a.o
        18          0          0          0          0         80   fputc.o
        30          0          0          0          0          0   handlers.o
        36          8          0          0          0         68   init.o
         0          0          0          0          0          0   iusefp.o
         0          0          0          0          0          0   iusesemip.o
        98          0          0          0          0         84   ldiv.o
        30          0          0          0          0         68   llshl.o
        36          0          0          0          0         68   llsshr.o
        32          0          0          0          0         68   llushr.o
        26          0          0          0          0         80   memcmp.o
        36          0          0          0          0        108   memseta.o
      2276         96          0          0          0        596   printfa.o
         0          0          0          0          0          0   semi.o
         0          0          0          4          0          0   stdout.o
        44          0          0          0          0         80   uidiv.o
        98          0          0          0          0         92   uldiv.o
        48          0          0          0          0         68   cdrcmple.o
        56          0          0          0          0         88   d2f.o
       334          0          0          0          0        148   dadd.o
       222          0          0          0          0        100   ddiv.o
       186          0          0          0          0        176   depilogue.o
        48          0          0          0          0         68   dfixul.o
       228          0          0          0          0         96   dmul.o
        46          0          0          0          0         80   dscalb.o
        38          0          0          0          0         68   f2d.o
       176          0          0          0          0        140   fadd.o
       124          0          0          0          0         88   fdiv.o
       110          0          0          0          0        168   fepilogue.o
        50          0          0          0          0         68   ffixi.o
        40          0          0          0          0         68   ffixui.o
        18          0          0          0          0         68   fflti.o
        10          0          0          0          0         68   ffltui.o
       100          0          0          0          0         76   fmul.o
        24          0          0          0          0         68   fscalb.o

    ----------------------------------------------------------------------
      5808        226        160          4          0       3732   Library Totals
         6          0          0          0          0          0   (incl. Padding)

    ----------------------------------------------------------------------

      Code (inc. data)   RO Data    RW Data    ZI Data      Debug   Library Name

      1164        114        160          0          0        636   m_ws.l
      2780        112          0          4          0       1392   mc_w.l
      1858          0          0          0          0       1704   mf_w.l

    ----------------------------------------------------------------------
      5808        226        160          4          0       3732   Library Totals

    ----------------------------------------------------------------------

==============================================================================


      Code (inc. data)   RO Data    RW Data    ZI Data      Debug   

     25992       1580       6440        172       3892     721243   Grand Totals
     25992       1580       6440        172       3892     721243   ELF Image Totals
     25992       1580       6440        172          0          0   ROM Totals

==============================================================================

    Total RO  Size (Code + RO Data)                32432 (  31.67kB)
    Total RW  Size (RW Data + ZI Data)              4064 (   3.97kB)
    Total ROM Size (Code + RO Data + RW Data)      32604 (  31.84kB)

==============================================================================

